2026-02-26T07:09:33.1453120Z Current runner version: '2.331.0'
2026-02-26T07:09:33.1473620Z ##[group]Runner Image Provisioner
2026-02-26T07:09:33.1474900Z Hosted Compute Agent
2026-02-26T07:09:33.1475840Z Version: 20260213.493
2026-02-26T07:09:33.1476810Z Commit: 5c115507f6dd24b8de37d8bbe0bb4509d0cc0fa3
2026-02-26T07:09:33.1477930Z Build Date: 2026-02-13T00:28:41Z
2026-02-26T07:09:33.1479470Z Worker ID: {452f85fc-57ca-4c25-8682-796025b85d71}
2026-02-26T07:09:33.1480570Z Azure Region: westus
2026-02-26T07:09:33.1481410Z ##[endgroup]
2026-02-26T07:09:33.1484270Z ##[group]Operating System
2026-02-26T07:09:33.1485180Z macOS
2026-02-26T07:09:33.1485870Z 15.7.4
2026-02-26T07:09:33.1486860Z 24G517
2026-02-26T07:09:33.1487310Z ##[endgroup]
2026-02-26T07:09:33.1487690Z ##[group]Runner Image
2026-02-26T07:09:33.1488050Z Image: macos-15-arm64
2026-02-26T07:09:33.1488380Z Version: 20260224.0170.1
2026-02-26T07:09:33.1489260Z Included Software: https://github.com/actions/runner-images/blob/macos-15-arm64/20260224.0170/images/macos/macos-15-arm64-Readme.md
2026-02-26T07:09:33.1490240Z Image Release: https://github.com/actions/runner-images/releases/tag/macos-15-arm64%2F20260224.0170
2026-02-26T07:09:33.1490880Z ##[endgroup]
2026-02-26T07:09:33.1491600Z ##[group]GITHUB_TOKEN Permissions
2026-02-26T07:09:33.1493340Z Contents: write
2026-02-26T07:09:33.1493660Z Metadata: read
2026-02-26T07:09:33.1493950Z ##[endgroup]
2026-02-26T07:09:33.1495790Z Secret source: Actions
2026-02-26T07:09:33.1496230Z Prepare workflow directory
2026-02-26T07:09:33.1977990Z Prepare all required actions
2026-02-26T07:09:33.2048840Z Getting action download info
2026-02-26T07:09:33.7678410Z Download action repository 'actions/checkout@v4' (SHA:34e114876b0b11c390a56381ad16ebd13914f8d5)
2026-02-26T07:09:34.0933850Z Download action repository 'BoundfoxStudios/action-xcode-select@v1' (SHA:6db70aee8dc8f6f87fe25c6037f7e72d18464a59)
2026-02-26T07:09:35.4356470Z Download action repository 'actions/upload-artifact@v4' (SHA:ea165f8d65b6e75b540449e92b4886f43607fa02)
2026-02-26T07:09:35.6363540Z Download action repository 'softprops/action-gh-release@v2' (SHA:a06a81a03ee405af7f2048a818ed3f03bbf83c7b)
2026-02-26T07:09:36.7947850Z Complete job name: build-unsigned-ipa
2026-02-26T07:09:36.8463380Z ##[group]Run actions/checkout@v4
2026-02-26T07:09:36.8464160Z with:
2026-02-26T07:09:36.8464650Z   repository: IntervalMedia/ReDyned
2026-02-26T07:09:36.8465540Z   token: ***
2026-02-26T07:09:36.8466010Z   ssh-strict: true
2026-02-26T07:09:36.8466500Z   ssh-user: git
2026-02-26T07:09:36.8467000Z   persist-credentials: true
2026-02-26T07:09:36.8467560Z   clean: true
2026-02-26T07:09:36.8468060Z   sparse-checkout-cone-mode: true
2026-02-26T07:09:36.8468670Z   fetch-depth: 1
2026-02-26T07:09:36.8469160Z   fetch-tags: false
2026-02-26T07:09:36.8469680Z   show-progress: true
2026-02-26T07:09:36.8470190Z   lfs: false
2026-02-26T07:09:36.8470650Z   submodules: false
2026-02-26T07:09:36.8471180Z   set-safe-directory: true
2026-02-26T07:09:36.8471880Z ##[endgroup]
2026-02-26T07:09:37.3859050Z Syncing repository: IntervalMedia/ReDyned
2026-02-26T07:09:37.3860920Z ##[group]Getting Git version info
2026-02-26T07:09:37.3861880Z Working directory is '/Users/runner/work/ReDyned/ReDyned'
2026-02-26T07:09:37.3863130Z [command]/opt/homebrew/bin/git version
2026-02-26T07:09:37.3948990Z git version 2.53.0
2026-02-26T07:09:37.4010250Z ##[endgroup]
2026-02-26T07:09:37.4015540Z Copying '/Users/runner/.gitconfig' to '/Users/runner/work/_temp/4a2849e2-451f-44e5-ad7c-21faea5158c7/.gitconfig'
2026-02-26T07:09:37.4017760Z Temporarily overriding HOME='/Users/runner/work/_temp/4a2849e2-451f-44e5-ad7c-21faea5158c7' before making global git config changes
2026-02-26T07:09:37.4019590Z Adding repository directory to the temporary git global config as a safe directory
2026-02-26T07:09:37.4022420Z [command]/opt/homebrew/bin/git config --global --add safe.directory /Users/runner/work/ReDyned/ReDyned
2026-02-26T07:09:37.4173070Z Deleting the contents of '/Users/runner/work/ReDyned/ReDyned'
2026-02-26T07:09:37.4209430Z ##[group]Initializing the repository
2026-02-26T07:09:37.4211540Z [command]/opt/homebrew/bin/git init /Users/runner/work/ReDyned/ReDyned
2026-02-26T07:09:37.4492590Z hint: Using 'master' as the name for the initial branch. This default branch name
2026-02-26T07:09:37.4494100Z hint: will change to "main" in Git 3.0. To configure the initial branch name
2026-02-26T07:09:37.4495320Z hint: to use in all of your new repositories, which will suppress this warning,
2026-02-26T07:09:37.4496260Z hint: call:
2026-02-26T07:09:37.4496710Z hint:
2026-02-26T07:09:37.4497330Z hint: 	git config --global init.defaultBranch <name>
2026-02-26T07:09:37.4498070Z hint:
2026-02-26T07:09:37.4498760Z hint: Names commonly chosen instead of 'master' are 'main', 'trunk' and
2026-02-26T07:09:37.4500110Z hint: 'development'. The just-created branch can be renamed via this command:
2026-02-26T07:09:37.4501020Z hint:
2026-02-26T07:09:37.4501510Z hint: 	git branch -m <name>
2026-02-26T07:09:37.4502060Z hint:
2026-02-26T07:09:37.4502800Z hint: Disable this message with "git config set advice.defaultBranchName false"
2026-02-26T07:09:37.4510970Z Initialized empty Git repository in /Users/runner/work/ReDyned/ReDyned/.git/
2026-02-26T07:09:37.4518750Z [command]/opt/homebrew/bin/git remote add origin https://github.com/IntervalMedia/ReDyned
2026-02-26T07:09:37.4632640Z ##[endgroup]
2026-02-26T07:09:37.4633660Z ##[group]Disabling automatic garbage collection
2026-02-26T07:09:37.4638570Z [command]/opt/homebrew/bin/git config --local gc.auto 0
2026-02-26T07:09:37.4716080Z ##[endgroup]
2026-02-26T07:09:37.4717040Z ##[group]Setting up auth
2026-02-26T07:09:37.4729320Z [command]/opt/homebrew/bin/git config --local --name-only --get-regexp core\.sshCommand
2026-02-26T07:09:37.4848460Z [command]/opt/homebrew/bin/git submodule foreach --recursive sh -c "git config --local --name-only --get-regexp 'core\.sshCommand' && git config --local --unset-all 'core.sshCommand' || :"
2026-02-26T07:09:37.6123350Z [command]/opt/homebrew/bin/git config --local --name-only --get-regexp http\.https\:\/\/github\.com\/\.extraheader
2026-02-26T07:09:37.6180970Z [command]/opt/homebrew/bin/git submodule foreach --recursive sh -c "git config --local --name-only --get-regexp 'http\.https\:\/\/github\.com\/\.extraheader' && git config --local --unset-all 'http.https://github.com/.extraheader' || :"
2026-02-26T07:09:37.7431360Z [command]/opt/homebrew/bin/git config --local --name-only --get-regexp ^includeIf\.gitdir:
2026-02-26T07:09:37.7609940Z [command]/opt/homebrew/bin/git submodule foreach --recursive git config --local --show-origin --name-only --get-regexp remote.origin.url
2026-02-26T07:09:37.8752830Z [command]/opt/homebrew/bin/git config --local http.https://github.com/.extraheader AUTHORIZATION: basic ***
2026-02-26T07:09:37.8840720Z ##[endgroup]
2026-02-26T07:09:37.8843300Z ##[group]Fetching the repository
2026-02-26T07:09:37.8857170Z [command]/opt/homebrew/bin/git -c protocol.version=2 fetch --no-tags --prune --no-recurse-submodules --depth=1 origin +c5ab16fa475a9c592842e9fe1dfd67658448ac9d:refs/remotes/origin/main
2026-02-26T07:09:38.7806490Z From https://github.com/IntervalMedia/ReDyned
2026-02-26T07:09:38.7808950Z  * [new ref]         c5ab16fa475a9c592842e9fe1dfd67658448ac9d -> origin/main
2026-02-26T07:09:38.7899460Z ##[endgroup]
2026-02-26T07:09:38.7899820Z ##[group]Determining the checkout info
2026-02-26T07:09:38.7900210Z ##[endgroup]
2026-02-26T07:09:38.7903860Z [command]/opt/homebrew/bin/git sparse-checkout disable
2026-02-26T07:09:38.7976920Z [command]/opt/homebrew/bin/git config --local --unset-all extensions.worktreeConfig
2026-02-26T07:09:38.8037700Z ##[group]Checking out the ref
2026-02-26T07:09:38.8040030Z [command]/opt/homebrew/bin/git checkout --progress --force -B main refs/remotes/origin/main
2026-02-26T07:09:38.8405470Z Switched to a new branch 'main'
2026-02-26T07:09:38.8507800Z branch 'main' set up to track 'origin/main'.
2026-02-26T07:09:38.8813930Z ##[endgroup]
2026-02-26T07:09:38.9120210Z [command]/opt/homebrew/bin/git log -1 --format=%H
2026-02-26T07:09:38.9196420Z c5ab16fa475a9c592842e9fe1dfd67658448ac9d
2026-02-26T07:09:38.9375430Z ##[group]Run BoundfoxStudios/action-xcode-select@v1
2026-02-26T07:09:38.9375770Z with:
2026-02-26T07:09:38.9375930Z   version: latest
2026-02-26T07:09:38.9376100Z   beta: false
2026-02-26T07:09:38.9376250Z ##[endgroup]
2026-02-26T07:09:39.0796410Z Found 9 installs
2026-02-26T07:09:39.0797300Z Selecting Xcode 26.3 at /Applications/Xcode_26.3_Release_Candidate_2.app
2026-02-26T07:09:39.0837240Z [command]/usr/bin/sudo xcode-select -s /Applications/Xcode_26.3_Release_Candidate_2.app
2026-02-26T07:09:39.1304940Z ##[group]Run xcodebuild -version
2026-02-26T07:09:39.1305420Z [36;1mxcodebuild -version[0m
2026-02-26T07:09:39.1364490Z shell: /bin/bash -e {0}
2026-02-26T07:09:39.1364810Z ##[endgroup]
2026-02-26T07:09:42.6734010Z Xcode 26.3
2026-02-26T07:09:42.6754190Z Build version 17C528
2026-02-26T07:09:42.6892670Z ##[group]Run xcodebuild \
2026-02-26T07:09:42.6892950Z [36;1mxcodebuild \[0m
2026-02-26T07:09:42.6893170Z [36;1m  -project ReDyne.xcodeproj \[0m
2026-02-26T07:09:42.6893500Z [36;1m  -scheme ReDyne \[0m
2026-02-26T07:09:42.6893690Z [36;1m  -configuration Release \[0m
2026-02-26T07:09:42.6893900Z [36;1m  -sdk iphoneos \[0m
2026-02-26T07:09:42.6894190Z [36;1m  -archivePath build/ReDyne.xcarchive \[0m
2026-02-26T07:09:42.6894420Z [36;1m  archive \[0m
2026-02-26T07:09:42.6894640Z [36;1m  CODE_SIGNING_ALLOWED=NO \[0m
2026-02-26T07:09:42.6894920Z [36;1m  CODE_SIGNING_REQUIRED=NO \[0m
2026-02-26T07:09:42.6895120Z [36;1m  CODE_SIGNING_IDENTITY="" \[0m
2026-02-26T07:09:42.6895320Z [36;1m  DEVELOPMENT_TEAM=""[0m
2026-02-26T07:09:42.6932680Z shell: /bin/bash -e {0}
2026-02-26T07:09:42.6932950Z ##[endgroup]
2026-02-26T07:09:43.8862110Z Command line invocation:
2026-02-26T07:09:43.8866660Z     /Applications/Xcode_26.3_Release_Candidate_2.app/Contents/Developer/usr/bin/xcodebuild -project ReDyne.xcodeproj -scheme ReDyne -configuration Release -sdk iphoneos -archivePath build/ReDyne.xcarchive archive CODE_SIGNING_ALLOWED=NO CODE_SIGNING_REQUIRED=NO CODE_SIGNING_IDENTITY= DEVELOPMENT_TEAM=
2026-02-26T07:09:43.8869670Z 
2026-02-26T07:09:43.8869980Z Build settings from command line:
2026-02-26T07:09:43.8870290Z     CODE_SIGNING_ALLOWED = NO
2026-02-26T07:09:43.8870610Z     CODE_SIGNING_IDENTITY = 
2026-02-26T07:09:43.8870930Z     CODE_SIGNING_REQUIRED = NO
2026-02-26T07:09:43.8871230Z     DEVELOPMENT_TEAM = 
2026-02-26T07:09:43.8871490Z     SDKROOT = iphoneos26.2
2026-02-26T07:09:43.8871750Z 
2026-02-26T07:09:46.2766420Z 2026-02-26 07:09:46.271 xcodebuild[2172:11769] [MT] IDERunDestination: Supported platforms for the buildables in the current scheme is empty.
2026-02-26T07:09:46.2869470Z --- xcodebuild: WARNING: Using the first of multiple matching destinations:
2026-02-26T07:09:46.3011340Z { platform:iOS, id:dvtdevice-DVTiPhonePlaceholder-iphoneos:placeholder, name:Any iOS Device }
2026-02-26T07:09:46.3131420Z { platform:iOS Simulator, id:dvtdevice-DVTiOSDeviceSimulatorPlaceholder-iphonesimulator:placeholder, name:Any iOS Simulator Device }
2026-02-26T07:09:47.7693850Z ComputePackagePrebuildTargetDependencyGraph
2026-02-26T07:09:47.8898440Z 
2026-02-26T07:09:47.9052230Z Prepare packages
2026-02-26T07:09:47.9053980Z 
2026-02-26T07:09:47.9107610Z CreateBuildRequest
2026-02-26T07:09:47.9108310Z 
2026-02-26T07:09:47.9108890Z SendProjectDescription
2026-02-26T07:09:47.9203030Z 
2026-02-26T07:09:47.9203680Z CreateBuildOperation
2026-02-26T07:09:47.9527380Z 
2026-02-26T07:09:47.9559270Z ComputeTargetDependencyGraph
2026-02-26T07:09:47.9766240Z note: Building targets in dependency order
2026-02-26T07:09:47.9767500Z note: Target dependency graph (1 target)
2026-02-26T07:09:47.9788800Z     Target 'ReDyne' in project 'ReDyne' (no dependencies)
2026-02-26T07:09:47.9789310Z 
2026-02-26T07:09:47.9789550Z GatherProvisioningInputs
2026-02-26T07:09:47.9789850Z 
2026-02-26T07:09:48.0158230Z CreateBuildDescription
2026-02-26T07:09:48.1660810Z 
2026-02-26T07:09:48.1662110Z ExecuteExternalTool /Applications/Xcode_26.3_Release_Candidate_2.app/Contents/Developer/Toolchains/XcodeDefault.xctoolchain/usr/bin/clang -v -E -dM -isysroot /Applications/Xcode_26.3_Release_Candidate_2.app/Contents/Developer/Platforms/iPhoneOS.platform/Developer/SDKs/iPhoneOS26.2.sdk -x c -c /dev/null
2026-02-26T07:09:49.2651820Z 
2026-02-26T07:09:49.2653910Z ExecuteExternalTool /Applications/Xcode_26.3_Release_Candidate_2.app/Contents/Developer/Toolchains/XcodeDefault.xctoolchain/usr/bin/clang -v -E -dM -arch arm64 -isysroot /Applications/Xcode_26.3_Release_Candidate_2.app/Contents/Developer/Platforms/iPhoneOS.platform/Developer/SDKs/iPhoneOS26.2.sdk -x objective-c -c /dev/null
2026-02-26T07:09:49.2660610Z 
2026-02-26T07:09:49.2713890Z ExecuteExternalTool /Applications/Xcode_26.3_Release_Candidate_2.app/Contents/Developer/Toolchains/XcodeDefault.xctoolchain/usr/bin/clang -v -E -dM -arch arm64 -isysroot /Applications/Xcode_26.3_Release_Candidate_2.app/Contents/Developer/Platforms/iPhoneOS.platform/Developer/SDKs/iPhoneOS26.2.sdk -x c -c /dev/null
2026-02-26T07:09:49.3283030Z 
2026-02-26T07:09:49.4074970Z ExecuteExternalTool /Applications/Xcode_26.3_Release_Candidate_2.app/Contents/Developer/usr/bin/actool --print-asset-tag-combinations --output-format xml1 /Users/runner/work/ReDyned/ReDyned/ReDyne/Assets.xcassets
2026-02-26T07:09:52.6500450Z 
2026-02-26T07:09:52.6522010Z ExecuteExternalTool /Applications/Xcode_26.3_Release_Candidate_2.app/Contents/Developer/usr/bin/actool --version --output-format xml1
2026-02-26T07:09:52.6659400Z 
2026-02-26T07:09:52.6675520Z ExecuteExternalTool /Applications/Xcode_26.3_Release_Candidate_2.app/Contents/Developer/Toolchains/XcodeDefault.xctoolchain/usr/bin/swiftc --version
2026-02-26T07:09:52.9325640Z 
2026-02-26T07:09:52.9475320Z ExecuteExternalTool /Applications/Xcode_26.3_Release_Candidate_2.app/Contents/Developer/Toolchains/XcodeDefault.xctoolchain/usr/bin/ld -version_details
2026-02-26T07:09:53.1074850Z 
2026-02-26T07:09:53.1495980Z Build description signature: 1ceb7a60dcb82a05bc6726f3c6854b35
2026-02-26T07:09:53.1567270Z Build description path: /Users/runner/Library/Developer/Xcode/DerivedData/ReDyne-fenbydhslujgruhhvktoupkovrpt/Build/Intermediates.noindex/ArchiveIntermediates/ReDyne/IntermediateBuildFilesPath/XCBuildData/1ceb7a60dcb82a05bc6726f3c6854b35.xcbuilddata
2026-02-26T07:09:53.2739860Z CreateBuildDirectory /Users/runner/Library/Developer/Xcode/DerivedData/ReDyne-fenbydhslujgruhhvktoupkovrpt/Build/Intermediates.noindex/ArchiveIntermediates/ReDyne/InstallationBuildProductsLocation
2026-02-26T07:09:53.2750760Z     cd /Users/runner/work/ReDyned/ReDyned/ReDyne.xcodeproj
2026-02-26T07:09:53.2860540Z     builtin-create-build-directory /Users/runner/Library/Developer/Xcode/DerivedData/ReDyne-fenbydhslujgruhhvktoupkovrpt/Build/Intermediates.noindex/ArchiveIntermediates/ReDyne/InstallationBuildProductsLocation
2026-02-26T07:09:53.2963640Z 
2026-02-26T07:09:53.2976410Z ClangStatCache /Applications/Xcode_26.3_Release_Candidate_2.app/Contents/Developer/Toolchains/XcodeDefault.xctoolchain/usr/bin/clang-stat-cache /Applications/Xcode_26.3_Release_Candidate_2.app/Contents/Developer/Platforms/iPhoneOS.platform/Developer/SDKs/iPhoneOS26.2.sdk /Users/runner/Library/Developer/Xcode/DerivedData/SDKStatCaches.noindex/iphoneos26.2-23C57-b01ad014c8f9f09cda871bdb47ca757d.sdkstatcache
2026-02-26T07:09:53.2980050Z     cd /Users/runner/work/ReDyned/ReDyned/ReDyne.xcodeproj
2026-02-26T07:09:53.2985310Z     /Applications/Xcode_26.3_Release_Candidate_2.app/Contents/Developer/Toolchains/XcodeDefault.xctoolchain/usr/bin/clang-stat-cache /Applications/Xcode_26.3_Release_Candidate_2.app/Contents/Developer/Platforms/iPhoneOS.platform/Developer/SDKs/iPhoneOS26.2.sdk -o /Users/runner/Library/Developer/Xcode/DerivedData/SDKStatCaches.noindex/iphoneos26.2-23C57-b01ad014c8f9f09cda871bdb47ca757d.sdkstatcache
2026-02-26T07:09:56.3575790Z 
2026-02-26T07:09:56.3578850Z CreateBuildDirectory /Users/runner/Library/Developer/Xcode/DerivedData/ReDyne-fenbydhslujgruhhvktoupkovrpt/Build/Intermediates.noindex/ArchiveIntermediates/ReDyne/IntermediateBuildFilesPath
2026-02-26T07:09:56.3583920Z     cd /Users/runner/work/ReDyned/ReDyned/ReDyne.xcodeproj
2026-02-26T07:09:56.3631900Z     builtin-create-build-directory /Users/runner/Library/Developer/Xcode/DerivedData/ReDyne-fenbydhslujgruhhvktoupkovrpt/Build/Intermediates.noindex/ArchiveIntermediates/ReDyne/IntermediateBuildFilesPath
2026-02-26T07:09:56.3632840Z 
2026-02-26T07:09:56.3633580Z CreateBuildDirectory /Users/runner/Library/Developer/Xcode/DerivedData/ReDyne-fenbydhslujgruhhvktoupkovrpt/Build/Intermediates.noindex/ArchiveIntermediates/ReDyne/BuildProductsPath
2026-02-26T07:09:56.3634470Z     cd /Users/runner/work/ReDyned/ReDyned/ReDyne.xcodeproj
2026-02-26T07:09:56.3638160Z     builtin-create-build-directory /Users/runner/Library/Developer/Xcode/DerivedData/ReDyne-fenbydhslujgruhhvktoupkovrpt/Build/Intermediates.noindex/ArchiveIntermediates/ReDyne/BuildProductsPath
2026-02-26T07:09:56.3638920Z 
2026-02-26T07:09:56.3643690Z WriteAuxiliaryFile /Users/runner/Library/Developer/Xcode/DerivedData/ReDyne-fenbydhslujgruhhvktoupkovrpt/Build/Intermediates.noindex/ArchiveIntermediates/ReDyne/IntermediateBuildFilesPath/ReDyne.build/Release-iphoneos/ReDyne-131a48d791c5daaea9bd96ae7247b012-VFS-iphoneos/all-product-headers.yaml
2026-02-26T07:09:56.3660690Z     cd /Users/runner/work/ReDyned/ReDyned/ReDyne.xcodeproj
2026-02-26T07:09:56.3661850Z     write-file /Users/runner/Library/Developer/Xcode/DerivedData/ReDyne-fenbydhslujgruhhvktoupkovrpt/Build/Intermediates.noindex/ArchiveIntermediates/ReDyne/IntermediateBuildFilesPath/ReDyne.build/Release-iphoneos/ReDyne-131a48d791c5daaea9bd96ae7247b012-VFS-iphoneos/all-product-headers.yaml
2026-02-26T07:09:56.3664750Z 
2026-02-26T07:09:56.3665620Z CreateBuildDirectory /Users/runner/Library/Developer/Xcode/DerivedData/ReDyne-fenbydhslujgruhhvktoupkovrpt/Build/Intermediates.noindex/ArchiveIntermediates/ReDyne/IntermediateBuildFilesPath/SwiftExplicitPrecompiledModules
2026-02-26T07:09:56.3666550Z     cd /Users/runner/work/ReDyned/ReDyned/ReDyne.xcodeproj
2026-02-26T07:09:56.3667490Z     builtin-create-build-directory /Users/runner/Library/Developer/Xcode/DerivedData/ReDyne-fenbydhslujgruhhvktoupkovrpt/Build/Intermediates.noindex/ArchiveIntermediates/ReDyne/IntermediateBuildFilesPath/SwiftExplicitPrecompiledModules
2026-02-26T07:09:56.3692170Z 
2026-02-26T07:09:56.3693010Z CreateBuildDirectory /Users/runner/Library/Developer/Xcode/DerivedData/ReDyne-fenbydhslujgruhhvktoupkovrpt/Build/Intermediates.noindex/ArchiveIntermediates/ReDyne/IntermediateBuildFilesPath/ExplicitPrecompiledModules
2026-02-26T07:09:56.3693910Z     cd /Users/runner/work/ReDyned/ReDyned/ReDyne.xcodeproj
2026-02-26T07:09:56.3696920Z     builtin-create-build-directory /Users/runner/Library/Developer/Xcode/DerivedData/ReDyne-fenbydhslujgruhhvktoupkovrpt/Build/Intermediates.noindex/ArchiveIntermediates/ReDyne/IntermediateBuildFilesPath/ExplicitPrecompiledModules
2026-02-26T07:09:56.3697890Z 
2026-02-26T07:09:56.3698930Z CreateBuildDirectory /Users/runner/Library/Developer/Xcode/DerivedData/ReDyne-fenbydhslujgruhhvktoupkovrpt/Build/Intermediates.noindex/ArchiveIntermediates/ReDyne/IntermediateBuildFilesPath/EagerLinkingTBDs/Release-iphoneos
2026-02-26T07:09:56.3700190Z     cd /Users/runner/work/ReDyned/ReDyned/ReDyne.xcodeproj
2026-02-26T07:09:56.3710460Z     builtin-create-build-directory /Users/runner/Library/Developer/Xcode/DerivedData/ReDyne-fenbydhslujgruhhvktoupkovrpt/Build/Intermediates.noindex/ArchiveIntermediates/ReDyne/IntermediateBuildFilesPath/EagerLinkingTBDs/Release-iphoneos
2026-02-26T07:09:56.3729380Z 
2026-02-26T07:09:56.3730090Z CreateBuildDirectory /Users/runner/Library/Developer/Xcode/DerivedData/ReDyne-fenbydhslujgruhhvktoupkovrpt/Build/Intermediates.noindex/ArchiveIntermediates/ReDyne/BuildProductsPath/Release-iphoneos
2026-02-26T07:09:56.3731060Z     cd /Users/runner/work/ReDyned/ReDyned/ReDyne.xcodeproj
2026-02-26T07:09:56.3733350Z     builtin-create-build-directory /Users/runner/Library/Developer/Xcode/DerivedData/ReDyne-fenbydhslujgruhhvktoupkovrpt/Build/Intermediates.noindex/ArchiveIntermediates/ReDyne/BuildProductsPath/Release-iphoneos
2026-02-26T07:09:56.3734220Z 
2026-02-26T07:09:56.3736270Z WriteAuxiliaryFile /Users/runner/Library/Developer/Xcode/DerivedData/ReDyne-fenbydhslujgruhhvktoupkovrpt/Build/Intermediates.noindex/ArchiveIntermediates/ReDyne/IntermediateBuildFilesPath/ReDyne.build/Release-iphoneos/ReDyne.build/ReDyne.hmap (in target 'ReDyne' from project 'ReDyne')
2026-02-26T07:09:56.3737630Z     cd /Users/runner/work/ReDyned/ReDyned
2026-02-26T07:09:56.3739330Z     write-file /Users/runner/Library/Developer/Xcode/DerivedData/ReDyne-fenbydhslujgruhhvktoupkovrpt/Build/Intermediates.noindex/ArchiveIntermediates/ReDyne/IntermediateBuildFilesPath/ReDyne.build/Release-iphoneos/ReDyne.build/ReDyne.hmap
2026-02-26T07:09:56.3740280Z 
2026-02-26T07:09:56.3745610Z WriteAuxiliaryFile /Users/runner/Library/Developer/Xcode/DerivedData/ReDyne-fenbydhslujgruhhvktoupkovrpt/Build/Intermediates.noindex/ArchiveIntermediates/ReDyne/IntermediateBuildFilesPath/ReDyne.build/Release-iphoneos/ReDyne.build/ReDyne.DependencyStaticMetadataFileList (in target 'ReDyne' from project 'ReDyne')
2026-02-26T07:09:56.3756210Z     cd /Users/runner/work/ReDyned/ReDyned
2026-02-26T07:09:56.3768860Z     write-file /Users/runner/Library/Developer/Xcode/DerivedData/ReDyne-fenbydhslujgruhhvktoupkovrpt/Build/Intermediates.noindex/ArchiveIntermediates/ReDyne/IntermediateBuildFilesPath/ReDyne.build/Release-iphoneos/ReDyne.build/ReDyne.DependencyStaticMetadataFileList
2026-02-26T07:09:56.3774360Z 
2026-02-26T07:09:56.3775450Z WriteAuxiliaryFile /Users/runner/Library/Developer/Xcode/DerivedData/ReDyne-fenbydhslujgruhhvktoupkovrpt/Build/Intermediates.noindex/ArchiveIntermediates/ReDyne/IntermediateBuildFilesPath/ReDyne.build/Release-iphoneos/ReDyne.build/ReDyne.DependencyMetadataFileList (in target 'ReDyne' from project 'ReDyne')
2026-02-26T07:09:56.3776590Z     cd /Users/runner/work/ReDyned/ReDyned
2026-02-26T07:09:56.3777890Z     write-file /Users/runner/Library/Developer/Xcode/DerivedData/ReDyne-fenbydhslujgruhhvktoupkovrpt/Build/Intermediates.noindex/ArchiveIntermediates/ReDyne/IntermediateBuildFilesPath/ReDyne.build/Release-iphoneos/ReDyne.build/ReDyne.DependencyMetadataFileList
2026-02-26T07:09:56.3778920Z 
2026-02-26T07:09:56.3779820Z WriteAuxiliaryFile /Users/runner/Library/Developer/Xcode/DerivedData/ReDyne-fenbydhslujgruhhvktoupkovrpt/Build/Intermediates.noindex/ArchiveIntermediates/ReDyne/IntermediateBuildFilesPath/ReDyne.build/Release-iphoneos/ReDyne.build/ReDyne-project-headers.hmap (in target 'ReDyne' from project 'ReDyne')
2026-02-26T07:09:56.3782900Z     cd /Users/runner/work/ReDyned/ReDyned
2026-02-26T07:09:56.3784040Z     write-file /Users/runner/Library/Developer/Xcode/DerivedData/ReDyne-fenbydhslujgruhhvktoupkovrpt/Build/Intermediates.noindex/ArchiveIntermediates/ReDyne/IntermediateBuildFilesPath/ReDyne.build/Release-iphoneos/ReDyne.build/ReDyne-project-headers.hmap
2026-02-26T07:09:56.3789880Z 
2026-02-26T07:09:56.3790780Z WriteAuxiliaryFile /Users/runner/Library/Developer/Xcode/DerivedData/ReDyne-fenbydhslujgruhhvktoupkovrpt/Build/Intermediates.noindex/ArchiveIntermediates/ReDyne/IntermediateBuildFilesPath/ReDyne.build/Release-iphoneos/ReDyne.build/ReDyne-own-target-headers.hmap (in target 'ReDyne' from project 'ReDyne')
2026-02-26T07:09:56.3791890Z     cd /Users/runner/work/ReDyned/ReDyned
2026-02-26T07:09:56.3794570Z     write-file /Users/runner/Library/Developer/Xcode/DerivedData/ReDyne-fenbydhslujgruhhvktoupkovrpt/Build/Intermediates.noindex/ArchiveIntermediates/ReDyne/IntermediateBuildFilesPath/ReDyne.build/Release-iphoneos/ReDyne.build/ReDyne-own-target-headers.hmap
2026-02-26T07:09:56.3795450Z 
2026-02-26T07:09:56.3797660Z WriteAuxiliaryFile /Users/runner/Library/Developer/Xcode/DerivedData/ReDyne-fenbydhslujgruhhvktoupkovrpt/Build/Intermediates.noindex/ArchiveIntermediates/ReDyne/IntermediateBuildFilesPath/ReDyne.build/Release-iphoneos/ReDyne.build/ReDyne-generated-files.hmap (in target 'ReDyne' from project 'ReDyne')
2026-02-26T07:09:56.3798830Z     cd /Users/runner/work/ReDyned/ReDyned
2026-02-26T07:09:56.3800070Z     write-file /Users/runner/Library/Developer/Xcode/DerivedData/ReDyne-fenbydhslujgruhhvktoupkovrpt/Build/Intermediates.noindex/ArchiveIntermediates/ReDyne/IntermediateBuildFilesPath/ReDyne.build/Release-iphoneos/ReDyne.build/ReDyne-generated-files.hmap
2026-02-26T07:09:56.3806140Z 
2026-02-26T07:09:56.3808800Z WriteAuxiliaryFile /Users/runner/Library/Developer/Xcode/DerivedData/ReDyne-fenbydhslujgruhhvktoupkovrpt/Build/Intermediates.noindex/ArchiveIntermediates/ReDyne/IntermediateBuildFilesPath/ReDyne.build/Release-iphoneos/ReDyne.build/ReDyne-all-target-headers.hmap (in target 'ReDyne' from project 'ReDyne')
2026-02-26T07:09:56.3926070Z     cd /Users/runner/work/ReDyned/ReDyned
2026-02-26T07:09:56.4028240Z     write-file /Users/runner/Library/Developer/Xcode/DerivedData/ReDyne-fenbydhslujgruhhvktoupkovrpt/Build/Intermediates.noindex/ArchiveIntermediates/ReDyne/IntermediateBuildFilesPath/ReDyne.build/Release-iphoneos/ReDyne.build/ReDyne-all-target-headers.hmap
2026-02-26T07:09:56.4074800Z 
2026-02-26T07:09:56.4097540Z WriteAuxiliaryFile /Users/runner/Library/Developer/Xcode/DerivedData/ReDyne-fenbydhslujgruhhvktoupkovrpt/Build/Intermediates.noindex/ArchiveIntermediates/ReDyne/IntermediateBuildFilesPath/ReDyne.build/Release-iphoneos/ReDyne.build/ReDyne-all-non-framework-target-headers.hmap (in target 'ReDyne' from project 'ReDyne')
2026-02-26T07:09:56.4102680Z     cd /Users/runner/work/ReDyned/ReDyned
2026-02-26T07:09:56.4103850Z     write-file /Users/runner/Library/Developer/Xcode/DerivedData/ReDyne-fenbydhslujgruhhvktoupkovrpt/Build/Intermediates.noindex/ArchiveIntermediates/ReDyne/IntermediateBuildFilesPath/ReDyne.build/Release-iphoneos/ReDyne.build/ReDyne-all-non-framework-target-headers.hmap
2026-02-26T07:09:56.4104820Z 
2026-02-26T07:09:56.4106780Z WriteAuxiliaryFile /Users/runner/Library/Developer/Xcode/DerivedData/ReDyne-fenbydhslujgruhhvktoupkovrpt/Build/Intermediates.noindex/ArchiveIntermediates/ReDyne/IntermediateBuildFilesPath/ReDyne.build/Release-iphoneos/ReDyne.build/Objects-normal/arm64/e6072d4f65d7061329687fe24e3d63a7-common-args.resp (in target 'ReDyne' from project 'ReDyne')
2026-02-26T07:09:56.4108130Z     cd /Users/runner/work/ReDyned/ReDyned
2026-02-26T07:09:56.4111780Z     write-file /Users/runner/Library/Developer/Xcode/DerivedData/ReDyne-fenbydhslujgruhhvktoupkovrpt/Build/Intermediates.noindex/ArchiveIntermediates/ReDyne/IntermediateBuildFilesPath/ReDyne.build/Release-iphoneos/ReDyne.build/Objects-normal/arm64/e6072d4f65d7061329687fe24e3d63a7-common-args.resp
2026-02-26T07:09:56.4128950Z -target arm64-apple-ios15.0 '-std=gnu17' -fobjc-arc -fobjc-weak -fmodules -gmodules '-fmodules-cache-path=/Users/runner/Library/Developer/Xcode/DerivedData/ModuleCache.noindex' -fpascal-strings -Os -fno-common '-DNS_BLOCK_ASSERTIONS=1' '-DOBJC_OLD_DISPATCH_PROTOTYPES=0' -isysroot /Applications/Xcode_26.3_Release_Candidate_2.app/Contents/Developer/Platforms/iPhoneOS.platform/Developer/SDKs/iPhoneOS26.2.sdk -g '-fvisibility=hidden' -iquote /Users/runner/Library/Developer/Xcode/DerivedData/ReDyne-fenbydhslujgruhhvktoupkovrpt/Build/Intermediates.noindex/ArchiveIntermediates/ReDyne/IntermediateBuildFilesPath/ReDyne.build/Release-iphoneos/ReDyne.build/ReDyne-generated-files.hmap -I/Users/runner/Library/Developer/Xcode/DerivedData/ReDyne-fenbydhslujgruhhvktoupkovrpt/Build/Intermediates.noindex/ArchiveIntermediates/ReDyne/IntermediateBuildFilesPath/ReDyne.build/Release-iphoneos/ReDyne.build/ReDyne-own-target-headers.hmap -I/Users/runner/Library/Developer/Xcode/DerivedData/ReDyne-fenbydhslujgruhhvktoupkovrpt/Build/Intermediates.noindex/ArchiveIntermediates/ReDyne/IntermediateBuildFilesPath/ReDyne.build/Release-iphoneos/ReDyne.build/ReDyne-all-target-headers.hmap -iquote /Users/runner/Library/Developer/Xcode/DerivedData/ReDyne-fenbydhslujgruhhvktoupkovrpt/Build/Intermediates.noindex/ArchiveIntermediates/ReDyne/IntermediateBuildFilesPath/ReDyne.build/Release-iphoneos/ReDyne.build/ReDyne-project-headers.hmap -I/Users/runner/Library/Developer/Xcode/DerivedData/ReDyne-fenbydhslujgruhhvktoupkovrpt/Build/Intermediates.noindex/ArchiveIntermediates/ReDyne/BuildProductsPath/Release-iphoneos/include -I/Users/runner/Library/Developer/Xcode/DerivedData/ReDyne-fenbydhslujgruhhvktoupkovrpt/Build/Intermediates.noindex/ArchiveIntermediates/ReDyne/IntermediateBuildFilesPath/ReDyne.build/Release-iphoneos/ReDyne.build/DerivedSources-normal/arm64 -I/Users/runner/Library/Developer/Xcode/DerivedData/ReDyne-fenbydhslujgruhhvktoupkovrpt/Build/Intermediates.noindex/ArchiveIntermediates/ReDyne/IntermediateBuildFilesPath/ReDyne.build/Release-iphoneos/ReDyne.build/DerivedSources/arm64 -I/Users/runner/Library/Developer/Xcode/DerivedData/ReDyne-fenbydhslujgruhhvktoupkovrpt/Build/Intermediates.noindex/ArchiveIntermediates/ReDyne/IntermediateBuildFilesPath/ReDyne.build/Release-iphoneos/ReDyne.build/DerivedSources -F/Users/runner/Library/Developer/Xcode/DerivedData/ReDyne-fenbydhslujgruhhvktoupkovrpt/Build/Intermediates.noindex/ArchiveIntermediates/ReDyne/BuildProductsPath/Release-iphoneos
2026-02-26T07:09:56.4226090Z 
2026-02-26T07:09:56.4228690Z WriteAuxiliaryFile /Users/runner/Library/Developer/Xcode/DerivedData/ReDyne-fenbydhslujgruhhvktoupkovrpt/Build/Intermediates.noindex/ArchiveIntermediates/ReDyne/IntermediateBuildFilesPath/ReDyne.build/Release-iphoneos/ReDyne.build/Objects-normal/arm64/ReDyne_const_extract_protocols.json (in target 'ReDyne' from project 'ReDyne')
2026-02-26T07:09:56.4230940Z     cd /Users/runner/work/ReDyned/ReDyned
2026-02-26T07:09:56.4232130Z     write-file /Users/runner/Library/Developer/Xcode/DerivedData/ReDyne-fenbydhslujgruhhvktoupkovrpt/Build/Intermediates.noindex/ArchiveIntermediates/ReDyne/IntermediateBuildFilesPath/ReDyne.build/Release-iphoneos/ReDyne.build/Objects-normal/arm64/ReDyne_const_extract_protocols.json
2026-02-26T07:09:56.4254300Z 
2026-02-26T07:09:56.4256350Z WriteAuxiliaryFile /Users/runner/Library/Developer/Xcode/DerivedData/ReDyne-fenbydhslujgruhhvktoupkovrpt/Build/Intermediates.noindex/ArchiveIntermediates/ReDyne/IntermediateBuildFilesPath/ReDyne.build/Release-iphoneos/ReDyne.build/Objects-normal/arm64/ReDyne.SwiftFileList (in target 'ReDyne' from project 'ReDyne')
2026-02-26T07:09:56.4257580Z     cd /Users/runner/work/ReDyned/ReDyned
2026-02-26T07:09:56.4259080Z     write-file /Users/runner/Library/Developer/Xcode/DerivedData/ReDyne-fenbydhslujgruhhvktoupkovrpt/Build/Intermediates.noindex/ArchiveIntermediates/ReDyne/IntermediateBuildFilesPath/ReDyne.build/Release-iphoneos/ReDyne.build/Objects-normal/arm64/ReDyne.SwiftFileList
2026-02-26T07:09:56.4260470Z 
2026-02-26T07:09:56.4261550Z WriteAuxiliaryFile /Users/runner/Library/Developer/Xcode/DerivedData/ReDyne-fenbydhslujgruhhvktoupkovrpt/Build/Intermediates.noindex/ArchiveIntermediates/ReDyne/IntermediateBuildFilesPath/ReDyne.build/Release-iphoneos/ReDyne.build/Objects-normal/arm64/ReDyne.SwiftConstValuesFileList (in target 'ReDyne' from project 'ReDyne')
2026-02-26T07:09:56.4262800Z     cd /Users/runner/work/ReDyned/ReDyned
2026-02-26T07:09:56.4263900Z     write-file /Users/runner/Library/Developer/Xcode/DerivedData/ReDyne-fenbydhslujgruhhvktoupkovrpt/Build/Intermediates.noindex/ArchiveIntermediates/ReDyne/IntermediateBuildFilesPath/ReDyne.build/Release-iphoneos/ReDyne.build/Objects-normal/arm64/ReDyne.SwiftConstValuesFileList
2026-02-26T07:09:56.4268120Z 
2026-02-26T07:09:56.4283130Z WriteAuxiliaryFile /Users/runner/Library/Developer/Xcode/DerivedData/ReDyne-fenbydhslujgruhhvktoupkovrpt/Build/Intermediates.noindex/ArchiveIntermediates/ReDyne/IntermediateBuildFilesPath/ReDyne.build/Release-iphoneos/ReDyne.build/Objects-normal/arm64/ReDyne.LinkFileList (in target 'ReDyne' from project 'ReDyne')
2026-02-26T07:09:56.4284370Z     cd /Users/runner/work/ReDyned/ReDyned
2026-02-26T07:09:56.4287360Z     write-file /Users/runner/Library/Developer/Xcode/DerivedData/ReDyne-fenbydhslujgruhhvktoupkovrpt/Build/Intermediates.noindex/ArchiveIntermediates/ReDyne/IntermediateBuildFilesPath/ReDyne.build/Release-iphoneos/ReDyne.build/Objects-normal/arm64/ReDyne.LinkFileList
2026-02-26T07:09:56.4292390Z 
2026-02-26T07:09:56.4293450Z WriteAuxiliaryFile /Users/runner/Library/Developer/Xcode/DerivedData/ReDyne-fenbydhslujgruhhvktoupkovrpt/Build/Intermediates.noindex/ArchiveIntermediates/ReDyne/IntermediateBuildFilesPath/ReDyne.build/Release-iphoneos/ReDyne.build/Objects-normal/arm64/ReDyne-OutputFileMap.json (in target 'ReDyne' from project 'ReDyne')
2026-02-26T07:09:56.4297850Z     cd /Users/runner/work/ReDyned/ReDyned
2026-02-26T07:09:56.4299030Z     write-file /Users/runner/Library/Developer/Xcode/DerivedData/ReDyne-fenbydhslujgruhhvktoupkovrpt/Build/Intermediates.noindex/ArchiveIntermediates/ReDyne/IntermediateBuildFilesPath/ReDyne.build/Release-iphoneos/ReDyne.build/Objects-normal/arm64/ReDyne-OutputFileMap.json
2026-02-26T07:09:56.4299910Z 
2026-02-26T07:09:56.4302830Z WriteAuxiliaryFile /Users/runner/Library/Developer/Xcode/DerivedData/ReDyne-fenbydhslujgruhhvktoupkovrpt/Build/Intermediates.noindex/ArchiveIntermediates/ReDyne/IntermediateBuildFilesPath/ReDyne.build/Release-iphoneos/ReDyne.build/Objects-normal/arm64/7187679823f38a2a940e0043cdf9d637-common-args.resp (in target 'ReDyne' from project 'ReDyne')
2026-02-26T07:09:56.4304610Z     cd /Users/runner/work/ReDyned/ReDyned
2026-02-26T07:09:56.4306110Z     write-file /Users/runner/Library/Developer/Xcode/DerivedData/ReDyne-fenbydhslujgruhhvktoupkovrpt/Build/Intermediates.noindex/ArchiveIntermediates/ReDyne/IntermediateBuildFilesPath/ReDyne.build/Release-iphoneos/ReDyne.build/Objects-normal/arm64/7187679823f38a2a940e0043cdf9d637-common-args.resp
2026-02-26T07:09:56.4316950Z -target arm64-apple-ios15.0 '-std=gnu17' -fmodules -gmodules '-fmodules-cache-path=/Users/runner/Library/Developer/Xcode/DerivedData/ModuleCache.noindex' -fpascal-strings -Os -fno-common -isysroot /Applications/Xcode_26.3_Release_Candidate_2.app/Contents/Developer/Platforms/iPhoneOS.platform/Developer/SDKs/iPhoneOS26.2.sdk -g '-fvisibility=hidden' -iquote /Users/runner/Library/Developer/Xcode/DerivedData/ReDyne-fenbydhslujgruhhvktoupkovrpt/Build/Intermediates.noindex/ArchiveIntermediates/ReDyne/IntermediateBuildFilesPath/ReDyne.build/Release-iphoneos/ReDyne.build/ReDyne-generated-files.hmap -I/Users/runner/Library/Developer/Xcode/DerivedData/ReDyne-fenbydhslujgruhhvktoupkovrpt/Build/Intermediates.noindex/ArchiveIntermediates/ReDyne/IntermediateBuildFilesPath/ReDyne.build/Release-iphoneos/ReDyne.build/ReDyne-own-target-headers.hmap -I/Users/runner/Library/Developer/Xcode/DerivedData/ReDyne-fenbydhslujgruhhvktoupkovrpt/Build/Intermediates.noindex/ArchiveIntermediates/ReDyne/IntermediateBuildFilesPath/ReDyne.build/Release-iphoneos/ReDyne.build/ReDyne-all-target-headers.hmap -iquote /Users/runner/Library/Developer/Xcode/DerivedData/ReDyne-fenbydhslujgruhhvktoupkovrpt/Build/Intermediates.noindex/ArchiveIntermediates/ReDyne/IntermediateBuildFilesPath/ReDyne.build/Release-iphoneos/ReDyne.build/ReDyne-project-headers.hmap -I/Users/runner/Library/Developer/Xcode/DerivedData/ReDyne-fenbydhslujgruhhvktoupkovrpt/Build/Intermediates.noindex/ArchiveIntermediates/ReDyne/BuildProductsPath/Release-iphoneos/include -I/Users/runner/Library/Developer/Xcode/DerivedData/ReDyne-fenbydhslujgruhhvktoupkovrpt/Build/Intermediates.noindex/ArchiveIntermediates/ReDyne/IntermediateBuildFilesPath/ReDyne.build/Release-iphoneos/ReDyne.build/DerivedSources-normal/arm64 -I/Users/runner/Library/Developer/Xcode/DerivedData/ReDyne-fenbydhslujgruhhvktoupkovrpt/Build/Intermediates.noindex/ArchiveIntermediates/ReDyne/IntermediateBuildFilesPath/ReDyne.build/Release-iphoneos/ReDyne.build/DerivedSources/arm64 -I/Users/runner/Library/Developer/Xcode/DerivedData/ReDyne-fenbydhslujgruhhvktoupkovrpt/Build/Intermediates.noindex/ArchiveIntermediates/ReDyne/IntermediateBuildFilesPath/ReDyne.build/Release-iphoneos/ReDyne.build/DerivedSources -F/Users/runner/Library/Developer/Xcode/DerivedData/ReDyne-fenbydhslujgruhhvktoupkovrpt/Build/Intermediates.noindex/ArchiveIntermediates/ReDyne/BuildProductsPath/Release-iphoneos
2026-02-26T07:09:56.4325280Z 
2026-02-26T07:09:56.4326250Z SymLink /Users/runner/Library/Developer/Xcode/DerivedData/ReDyne-fenbydhslujgruhhvktoupkovrpt/Build/Intermediates.noindex/ArchiveIntermediates/ReDyne/BuildProductsPath/Release-iphoneos/ReDyne.app ../../InstallationBuildProductsLocation/Applications/ReDyne.app (in target 'ReDyne' from project 'ReDyne')
2026-02-26T07:09:56.4329040Z     cd /Users/runner/work/ReDyned/ReDyned
2026-02-26T07:09:56.4330180Z     /bin/ln -sfh ../../InstallationBuildProductsLocation/Applications/ReDyne.app /Users/runner/Library/Developer/Xcode/DerivedData/ReDyne-fenbydhslujgruhhvktoupkovrpt/Build/Intermediates.noindex/ArchiveIntermediates/ReDyne/BuildProductsPath/Release-iphoneos/ReDyne.app
2026-02-26T07:09:56.4334140Z 
2026-02-26T07:09:56.4334970Z MkDir /Users/runner/Library/Developer/Xcode/DerivedData/ReDyne-fenbydhslujgruhhvktoupkovrpt/Build/Intermediates.noindex/ArchiveIntermediates/ReDyne/InstallationBuildProductsLocation/Applications/ReDyne.app (in target 'ReDyne' from project 'ReDyne')
2026-02-26T07:09:56.4335920Z     cd /Users/runner/work/ReDyned/ReDyned
2026-02-26T07:09:56.4337140Z     /bin/mkdir -p /Users/runner/Library/Developer/Xcode/DerivedData/ReDyne-fenbydhslujgruhhvktoupkovrpt/Build/Intermediates.noindex/ArchiveIntermediates/ReDyne/InstallationBuildProductsLocation/Applications/ReDyne.app
2026-02-26T07:09:56.4340450Z 
2026-02-26T07:09:56.4341430Z MkDir /Users/runner/Library/Developer/Xcode/DerivedData/ReDyne-fenbydhslujgruhhvktoupkovrpt/Build/Intermediates.noindex/ArchiveIntermediates/ReDyne/IntermediateBuildFilesPath/ReDyne.build/Release-iphoneos/ReDyne.build/assetcatalog_output/unthinned (in target 'ReDyne' from project 'ReDyne')
2026-02-26T07:09:56.4343510Z     cd /Users/runner/work/ReDyned/ReDyned
2026-02-26T07:09:56.4345520Z     /bin/mkdir -p /Users/runner/Library/Developer/Xcode/DerivedData/ReDyne-fenbydhslujgruhhvktoupkovrpt/Build/Intermediates.noindex/ArchiveIntermediates/ReDyne/IntermediateBuildFilesPath/ReDyne.build/Release-iphoneos/ReDyne.build/assetcatalog_output/unthinned
2026-02-26T07:09:56.4346530Z 
2026-02-26T07:09:56.4348000Z MkDir /Users/runner/Library/Developer/Xcode/DerivedData/ReDyne-fenbydhslujgruhhvktoupkovrpt/Build/Intermediates.noindex/ArchiveIntermediates/ReDyne/IntermediateBuildFilesPath/ReDyne.build/Release-iphoneos/ReDyne.build/assetcatalog_output/thinned (in target 'ReDyne' from project 'ReDyne')
2026-02-26T07:09:56.4349120Z     cd /Users/runner/work/ReDyned/ReDyned
2026-02-26T07:09:56.4350090Z     /bin/mkdir -p /Users/runner/Library/Developer/Xcode/DerivedData/ReDyne-fenbydhslujgruhhvktoupkovrpt/Build/Intermediates.noindex/ArchiveIntermediates/ReDyne/IntermediateBuildFilesPath/ReDyne.build/Release-iphoneos/ReDyne.build/assetcatalog_output/thinned
2026-02-26T07:09:56.4351190Z 
2026-02-26T07:09:56.4356020Z GenerateAssetSymbols /Users/runner/work/ReDyned/ReDyned/ReDyne/Assets.xcassets (in target 'ReDyne' from project 'ReDyne')
2026-02-26T07:09:56.4356620Z     cd /Users/runner/work/ReDyned/ReDyned
2026-02-26T07:09:56.4365300Z     /Applications/Xcode_26.3_Release_Candidate_2.app/Contents/Developer/usr/bin/actool /Users/runner/work/ReDyned/ReDyned/ReDyne/Assets.xcassets --compile /Users/runner/Library/Developer/Xcode/DerivedData/ReDyne-fenbydhslujgruhhvktoupkovrpt/Build/Intermediates.noindex/ArchiveIntermediates/ReDyne/InstallationBuildProductsLocation/Applications/ReDyne.app --output-format human-readable-text --notices --warnings --export-dependency-info /Users/runner/Library/Developer/Xcode/DerivedData/ReDyne-fenbydhslujgruhhvktoupkovrpt/Build/Intermediates.noindex/ArchiveIntermediates/ReDyne/IntermediateBuildFilesPath/ReDyne.build/Release-iphoneos/ReDyne.build/assetcatalog_dependencies --output-partial-info-plist /Users/runner/Library/Developer/Xcode/DerivedData/ReDyne-fenbydhslujgruhhvktoupkovrpt/Build/Intermediates.noindex/ArchiveIntermediates/ReDyne/IntermediateBuildFilesPath/ReDyne.build/Release-iphoneos/ReDyne.build/assetcatalog_generated_info.plist --app-icon AppIcon --accent-color AccentColor --compress-pngs --enable-on-demand-resources YES --development-region en --target-device iphone --target-device ipad --minimum-deployment-target 15.0 --platform iphoneos --bundle-identifier com.meeee.ksilentninja.ReDyne --generate-swift-asset-symbols /Users/runner/Library/Developer/Xcode/DerivedData/ReDyne-fenbydhslujgruhhvktoupkovrpt/Build/Intermediates.noindex/ArchiveIntermediates/ReDyne/IntermediateBuildFilesPath/ReDyne.build/Release-iphoneos/ReDyne.build/DerivedSources/GeneratedAssetSymbols.swift --generate-objc-asset-symbols /Users/runner/Library/Developer/Xcode/DerivedData/ReDyne-fenbydhslujgruhhvktoupkovrpt/Build/Intermediates.noindex/ArchiveIntermediates/ReDyne/IntermediateBuildFilesPath/ReDyne.build/Release-iphoneos/ReDyne.build/DerivedSources/GeneratedAssetSymbols.h --generate-asset-symbol-index /Users/runner/Library/Developer/Xcode/DerivedData/ReDyne-fenbydhslujgruhhvktoupkovrpt/Build/Intermediates.noindex/ArchiveIntermediates/ReDyne/IntermediateBuildFilesPath/ReDyne.build/Release-iphoneos/ReDyne.build/DerivedSources/GeneratedAssetSymbols-Index.plist
2026-02-26T07:09:56.4373900Z /* com.apple.actool.compilation-results */
2026-02-26T07:09:56.4381310Z /Users/runner/Library/Developer/Xcode/DerivedData/ReDyne-fenbydhslujgruhhvktoupkovrpt/Build/Intermediates.noindex/ArchiveIntermediates/ReDyne/IntermediateBuildFilesPath/ReDyne.build/Release-iphoneos/ReDyne.build/DerivedSources/GeneratedAssetSymbols-Index.plist
2026-02-26T07:09:56.4384660Z /Users/runner/Library/Developer/Xcode/DerivedData/ReDyne-fenbydhslujgruhhvktoupkovrpt/Build/Intermediates.noindex/ArchiveIntermediates/ReDyne/IntermediateBuildFilesPath/ReDyne.build/Release-iphoneos/ReDyne.build/DerivedSources/GeneratedAssetSymbols.h
2026-02-26T07:09:56.4394760Z /Users/runner/Library/Developer/Xcode/DerivedData/ReDyne-fenbydhslujgruhhvktoupkovrpt/Build/Intermediates.noindex/ArchiveIntermediates/ReDyne/IntermediateBuildFilesPath/ReDyne.build/Release-iphoneos/ReDyne.build/DerivedSources/GeneratedAssetSymbols.swift
2026-02-26T07:09:56.4397830Z 
2026-02-26T07:09:56.4397910Z 
2026-02-26T07:09:56.4399010Z CompileAssetCatalogVariant thinned /Users/runner/Library/Developer/Xcode/DerivedData/ReDyne-fenbydhslujgruhhvktoupkovrpt/Build/Intermediates.noindex/ArchiveIntermediates/ReDyne/InstallationBuildProductsLocation/Applications/ReDyne.app /Users/runner/work/ReDyned/ReDyned/ReDyne/Assets.xcassets (in target 'ReDyne' from project 'ReDyne')
2026-02-26T07:09:56.4400310Z     cd /Users/runner/work/ReDyned/ReDyned
2026-02-26T07:09:56.4407360Z     /Applications/Xcode_26.3_Release_Candidate_2.app/Contents/Developer/usr/bin/actool /Users/runner/work/ReDyned/ReDyned/ReDyne/Assets.xcassets --compile /Users/runner/Library/Developer/Xcode/DerivedData/ReDyne-fenbydhslujgruhhvktoupkovrpt/Build/Intermediates.noindex/ArchiveIntermediates/ReDyne/IntermediateBuildFilesPath/ReDyne.build/Release-iphoneos/ReDyne.build/assetcatalog_output/thinned --output-format human-readable-text --notices --warnings --export-dependency-info /Users/runner/Library/Developer/Xcode/DerivedData/ReDyne-fenbydhslujgruhhvktoupkovrpt/Build/Intermediates.noindex/ArchiveIntermediates/ReDyne/IntermediateBuildFilesPath/ReDyne.build/Release-iphoneos/ReDyne.build/assetcatalog_dependencies_thinned --output-partial-info-plist /Users/runner/Library/Developer/Xcode/DerivedData/ReDyne-fenbydhslujgruhhvktoupkovrpt/Build/Intermediates.noindex/ArchiveIntermediates/ReDyne/IntermediateBuildFilesPath/ReDyne.build/Release-iphoneos/ReDyne.build/assetcatalog_generated_info.plist_thinned --app-icon AppIcon --accent-color AccentColor --compress-pngs --enable-on-demand-resources YES --development-region en --target-device iphone --target-device ipad --minimum-deployment-target 15.0 --platform iphoneos
2026-02-26T07:10:13.8056860Z 
2026-02-26T07:10:13.8059650Z SwiftDriver ReDyne normal arm64 com.apple.xcode.tools.swift.compiler (in target 'ReDyne' from project 'ReDyne')
2026-02-26T07:10:13.8061000Z     cd /Users/runner/work/ReDyned/ReDyned
2026-02-26T07:10:13.8180750Z     builtin-SwiftDriver -- /Applications/Xcode_26.3_Release_Candidate_2.app/Contents/Developer/Toolchains/XcodeDefault.xctoolchain/usr/bin/swiftc -module-name ReDyne -O -whole-module-optimization -enforce-exclusivity\=checked @/Users/runner/Library/Developer/Xcode/DerivedData/ReDyne-fenbydhslujgruhhvktoupkovrpt/Build/Intermediates.noindex/ArchiveIntermediates/ReDyne/IntermediateBuildFilesPath/ReDyne.build/Release-iphoneos/ReDyne.build/Objects-normal/arm64/ReDyne.SwiftFileList -default-isolation\=MainActor -enable-bare-slash-regex -enable-upcoming-feature DisableOutwardActorInference -enable-upcoming-feature InferSendableFromCaptures -enable-upcoming-feature GlobalActorIsolatedTypesUsability -enable-upcoming-feature MemberImportVisibility -enable-upcoming-feature InferIsolatedConformances -enable-upcoming-feature NonisolatedNonsendingByDefault -enable-experimental-feature DebugDescriptionMacro -sdk /Applications/Xcode_26.3_Release_Candidate_2.app/Contents/Developer/Platforms/iPhoneOS.platform/Developer/SDKs/iPhoneOS26.2.sdk -target arm64-apple-ios15.0 -g -module-cache-path /Users/runner/Library/Developer/Xcode/DerivedData/ModuleCache.noindex -Xfrontend -serialize-debugging-options -swift-version 5 -I /Users/runner/Library/Developer/Xcode/DerivedData/ReDyne-fenbydhslujgruhhvktoupkovrpt/Build/Intermediates.noindex/ArchiveIntermediates/ReDyne/BuildProductsPath/Release-iphoneos -F /Users/runner/Library/Developer/Xcode/DerivedData/ReDyne-fenbydhslujgruhhvktoupkovrpt/Build/Intermediates.noindex/ArchiveIntermediates/ReDyne/BuildProductsPath/Release-iphoneos -emit-localized-strings -emit-localized-strings-path /Users/runner/Library/Developer/Xcode/DerivedData/ReDyne-fenbydhslujgruhhvktoupkovrpt/Build/Intermediates.noindex/ArchiveIntermediates/ReDyne/IntermediateBuildFilesPath/ReDyne.build/Release-iphoneos/ReDyne.build/Objects-normal/arm64 -c -num-threads 3 -Xcc -ivfsstatcache -Xcc /Users/runner/Library/Developer/Xcode/DerivedData/SDKStatCaches.noindex/iphoneos26.2-23C57-b01ad014c8f9f09cda871bdb47ca757d.sdkstatcache -output-file-map /Users/runner/Library/Developer/Xcode/DerivedData/ReDyne-fenbydhslujgruhhvktoupkovrpt/Build/Intermediates.noindex/ArchiveIntermediates/ReDyne/IntermediateBuildFilesPath/ReDyne.build/Release-iphoneos/ReDyne.build/Objects-normal/arm64/ReDyne-OutputFileMap.json -use-frontend-parseable-output -save-temps -no-color-diagnostics -explicit-module-build -module-cache-path /Users/runner/Library/Developer/Xcode/DerivedData/ReDyne-fenbydhslujgruhhvktoupkovrpt/Build/Intermediates.noindex/ArchiveIntermediates/ReDyne/IntermediateBuildFilesPath/SwiftExplicitPrecompiledModules -clang-scanner-module-cache-path /Users/runner/Library/Developer/Xcode/DerivedData/ModuleCache.noindex -sdk-module-cache-path /Users/runner/Library/Developer/Xcode/DerivedData/ModuleCache.noindex -serialize-diagnostics -emit-dependencies -emit-module -emit-module-path /Users/runner/Library/Developer/Xcode/DerivedData/ReDyne-fenbydhslujgruhhvktoupkovrpt/Build/Intermediates.noindex/ArchiveIntermediates/ReDyne/IntermediateBuildFilesPath/ReDyne.build/Release-iphoneos/ReDyne.build/Objects-normal/arm64/ReDyne.swiftmodule -validate-clang-modules-once -clang-build-session-file /Users/runner/Library/Developer/Xcode/DerivedData/ModuleCache.noindex/Session.modulevalidation -Xcc -I/Users/runner/Library/Developer/Xcode/DerivedData/ReDyne-fenbydhslujgruhhvktoupkovrpt/Build/Intermediates.noindex/ArchiveIntermediates/ReDyne/IntermediateBuildFilesPath/ReDyne.build/Release-iphoneos/ReDyne.build/swift-overrides.hmap -emit-const-values -Xfrontend -const-gather-protocols-file -Xfrontend /Users/runner/Library/Developer/Xcode/DerivedData/ReDyne-fenbydhslujgruhhvktoupkovrpt/Build/Intermediates.noindex/ArchiveIntermediates/ReDyne/IntermediateBuildFilesPath/ReDyne.build/Release-iphoneos/ReDyne.build/Objects-normal/arm64/ReDyne_const_extract_protocols.json -Xcc -iquote -Xcc /Users/runner/Library/Developer/Xcode/DerivedData/ReDyne-fenbydhslujgruhhvktoupkovrpt/Build/Intermediates.noindex/ArchiveIntermediates/ReDyne/IntermediateBuildFilesPath/ReDyne.build/Release-iphoneos/ReDyne.build/ReDyne-generated-files.hmap -Xcc -I/Users/runner/Library/Developer/Xcode/DerivedData/ReDyne-fenbydhslujgruhhvktoupkovrpt/Build/Intermediates.noindex/ArchiveIntermediates/ReDyne/IntermediateBuildFilesPath/ReDyne.build/Release-iphoneos/ReDyne.build/ReDyne-own-target-headers.hmap -Xcc -I/Users/runner/Library/Developer/Xcode/DerivedData/ReDyne-fenbydhslujgruhhvktoupkovrpt/Build/Intermediates.noindex/ArchiveIntermediates/ReDyne/IntermediateBuildFilesPath/ReDyne.build/Release-iphoneos/ReDyne.build/ReDyne-all-target-headers.hmap -Xcc -iquote -Xcc /Users/runner/Library/Developer/Xcode/DerivedData/ReDyne-fenbydhslujgruhhvktoupkovrpt/Build/Intermediates.noindex/ArchiveIntermediates/ReDyne/IntermediateBuildFilesPath/ReDyne.build/Release-iphoneos/ReDyne.build/ReDyne-project-headers.hmap -Xcc -I/Users/runner/Library/Developer/Xcode/DerivedData/ReDyne-fenbydhslujgruhhvktoupkovrpt/Build/Intermediates.noindex/ArchiveIntermediates/ReDyne/BuildProductsPath/Release-iphoneos/include -Xcc -I/Users/runner/Library/Developer/Xcode/DerivedData/ReDyne-fenbydhslujgruhhvktoupkovrpt/Build/Intermediates.noindex/ArchiveIntermediates/ReDyne/IntermediateBuildFilesPath/ReDyne.build/Release-iphoneos/ReDyne.build/DerivedSources-normal/arm64 -Xcc -I/Users/runner/Library/Developer/Xcode/DerivedData/ReDyne-fenbydhslujgruhhvktoupkovrpt/Build/Intermediates.noindex/ArchiveIntermediates/ReDyne/IntermediateBuildFilesPath/ReDyne.build/Release-iphoneos/ReDyne.build/DerivedSources/arm64 -Xcc -I/Users/runner/Library/Developer/Xcode/DerivedData/ReDyne-fenbydhslujgruhhvktoupkovrpt/Build/Intermediates.noindex/ArchiveIntermediates/ReDyne/IntermediateBuildFilesPath/ReDyne.build/Release-iphoneos/ReDyne.build/DerivedSources -emit-objc-header -emit-objc-header-path /Users/runner/Library/Developer/Xcode/DerivedData/ReDyne-fenbydhslujgruhhvktoupkovrpt/Build/Intermediates.noindex/ArchiveIntermediates/ReDyne/IntermediateBuildFilesPath/ReDyne.build/Release-iphoneos/ReDyne.build/Objects-normal/arm64/ReDyne-Swift.h -import-objc-header /Users/runner/work/ReDyned/ReDyned/ReDyne/ReDyne-Bridging-Header.h -working-directory /Users/runner/work/ReDyned/ReDyned -no-emit-module-separately-wmo
2026-02-26T07:10:13.8217180Z 
2026-02-26T07:10:13.8217630Z SwiftDriver\ Compilation ReDyne normal arm64 com.apple.xcode.tools.swift.compiler (in target 'ReDyne' from project 'ReDyne')
2026-02-26T07:10:13.8218720Z     cd /Users/runner/work/ReDyned/ReDyned
2026-02-26T07:10:13.8242580Z     builtin-Swift-Compilation -- /Applications/Xcode_26.3_Release_Candidate_2.app/Contents/Developer/Toolchains/XcodeDefault.xctoolchain/usr/bin/swiftc -module-name ReDyne -O -whole-module-optimization -enforce-exclusivity\=checked @/Users/runner/Library/Developer/Xcode/DerivedData/ReDyne-fenbydhslujgruhhvktoupkovrpt/Build/Intermediates.noindex/ArchiveIntermediates/ReDyne/IntermediateBuildFilesPath/ReDyne.build/Release-iphoneos/ReDyne.build/Objects-normal/arm64/ReDyne.SwiftFileList -default-isolation\=MainActor -enable-bare-slash-regex -enable-upcoming-feature DisableOutwardActorInference -enable-upcoming-feature InferSendableFromCaptures -enable-upcoming-feature GlobalActorIsolatedTypesUsability -enable-upcoming-feature MemberImportVisibility -enable-upcoming-feature InferIsolatedConformances -enable-upcoming-feature NonisolatedNonsendingByDefault -enable-experimental-feature DebugDescriptionMacro -sdk /Applications/Xcode_26.3_Release_Candidate_2.app/Contents/Developer/Platforms/iPhoneOS.platform/Developer/SDKs/iPhoneOS26.2.sdk -target arm64-apple-ios15.0 -g -module-cache-path /Users/runner/Library/Developer/Xcode/DerivedData/ModuleCache.noindex -Xfrontend -serialize-debugging-options -swift-version 5 -I /Users/runner/Library/Developer/Xcode/DerivedData/ReDyne-fenbydhslujgruhhvktoupkovrpt/Build/Intermediates.noindex/ArchiveIntermediates/ReDyne/BuildProductsPath/Release-iphoneos -F /Users/runner/Library/Developer/Xcode/DerivedData/ReDyne-fenbydhslujgruhhvktoupkovrpt/Build/Intermediates.noindex/ArchiveIntermediates/ReDyne/BuildProductsPath/Release-iphoneos -emit-localized-strings -emit-localized-strings-path /Users/runner/Library/Developer/Xcode/DerivedData/ReDyne-fenbydhslujgruhhvktoupkovrpt/Build/Intermediates.noindex/ArchiveIntermediates/ReDyne/IntermediateBuildFilesPath/ReDyne.build/Release-iphoneos/ReDyne.build/Objects-normal/arm64 -c -num-threads 3 -Xcc -ivfsstatcache -Xcc /Users/runner/Library/Developer/Xcode/DerivedData/SDKStatCaches.noindex/iphoneos26.2-23C57-b01ad014c8f9f09cda871bdb47ca757d.sdkstatcache -output-file-map /Users/runner/Library/Developer/Xcode/DerivedData/ReDyne-fenbydhslujgruhhvktoupkovrpt/Build/Intermediates.noindex/ArchiveIntermediates/ReDyne/IntermediateBuildFilesPath/ReDyne.build/Release-iphoneos/ReDyne.build/Objects-normal/arm64/ReDyne-OutputFileMap.json -use-frontend-parseable-output -save-temps -no-color-diagnostics -explicit-module-build -module-cache-path /Users/runner/Library/Developer/Xcode/DerivedData/ReDyne-fenbydhslujgruhhvktoupkovrpt/Build/Intermediates.noindex/ArchiveIntermediates/ReDyne/IntermediateBuildFilesPath/SwiftExplicitPrecompiledModules -clang-scanner-module-cache-path /Users/runner/Library/Developer/Xcode/DerivedData/ModuleCache.noindex -sdk-module-cache-path /Users/runner/Library/Developer/Xcode/DerivedData/ModuleCache.noindex -serialize-diagnostics -emit-dependencies -emit-module -emit-module-path /Users/runner/Library/Developer/Xcode/DerivedData/ReDyne-fenbydhslujgruhhvktoupkovrpt/Build/Intermediates.noindex/ArchiveIntermediates/ReDyne/IntermediateBuildFilesPath/ReDyne.build/Release-iphoneos/ReDyne.build/Objects-normal/arm64/ReDyne.swiftmodule -validate-clang-modules-once -clang-build-session-file /Users/runner/Library/Developer/Xcode/DerivedData/ModuleCache.noindex/Session.modulevalidation -Xcc -I/Users/runner/Library/Developer/Xcode/DerivedData/ReDyne-fenbydhslujgruhhvktoupkovrpt/Build/Intermediates.noindex/ArchiveIntermediates/ReDyne/IntermediateBuildFilesPath/ReDyne.build/Release-iphoneos/ReDyne.build/swift-overrides.hmap -emit-const-values -Xfrontend -const-gather-protocols-file -Xfrontend /Users/runner/Library/Developer/Xcode/DerivedData/ReDyne-fenbydhslujgruhhvktoupkovrpt/Build/Intermediates.noindex/ArchiveIntermediates/ReDyne/IntermediateBuildFilesPath/ReDyne.build/Release-iphoneos/ReDyne.build/Objects-normal/arm64/ReDyne_const_extract_protocols.json -Xcc -iquote -Xcc /Users/runner/Library/Developer/Xcode/DerivedData/ReDyne-fenbydhslujgruhhvktoupkovrpt/Build/Intermediates.noindex/ArchiveIntermediates/ReDyne/IntermediateBuildFilesPath/ReDyne.build/Release-iphoneos/ReDyne.build/ReDyne-generated-files.hmap -Xcc -I/Users/runner/Library/Developer/Xcode/DerivedData/ReDyne-fenbydhslujgruhhvktoupkovrpt/Build/Intermediates.noindex/ArchiveIntermediates/ReDyne/IntermediateBuildFilesPath/ReDyne.build/Release-iphoneos/ReDyne.build/ReDyne-own-target-headers.hmap -Xcc -I/Users/runner/Library/Developer/Xcode/DerivedData/ReDyne-fenbydhslujgruhhvktoupkovrpt/Build/Intermediates.noindex/ArchiveIntermediates/ReDyne/IntermediateBuildFilesPath/ReDyne.build/Release-iphoneos/ReDyne.build/ReDyne-all-target-headers.hmap -Xcc -iquote -Xcc /Users/runner/Library/Developer/Xcode/DerivedData/ReDyne-fenbydhslujgruhhvktoupkovrpt/Build/Intermediates.noindex/ArchiveIntermediates/ReDyne/IntermediateBuildFilesPath/ReDyne.build/Release-iphoneos/ReDyne.build/ReDyne-project-headers.hmap -Xcc -I/Users/runner/Library/Developer/Xcode/DerivedData/ReDyne-fenbydhslujgruhhvktoupkovrpt/Build/Intermediates.noindex/ArchiveIntermediates/ReDyne/BuildProductsPath/Release-iphoneos/include -Xcc -I/Users/runner/Library/Developer/Xcode/DerivedData/ReDyne-fenbydhslujgruhhvktoupkovrpt/Build/Intermediates.noindex/ArchiveIntermediates/ReDyne/IntermediateBuildFilesPath/ReDyne.build/Release-iphoneos/ReDyne.build/DerivedSources-normal/arm64 -Xcc -I/Users/runner/Library/Developer/Xcode/DerivedData/ReDyne-fenbydhslujgruhhvktoupkovrpt/Build/Intermediates.noindex/ArchiveIntermediates/ReDyne/IntermediateBuildFilesPath/ReDyne.build/Release-iphoneos/ReDyne.build/DerivedSources/arm64 -Xcc -I/Users/runner/Library/Developer/Xcode/DerivedData/ReDyne-fenbydhslujgruhhvktoupkovrpt/Build/Intermediates.noindex/ArchiveIntermediates/ReDyne/IntermediateBuildFilesPath/ReDyne.build/Release-iphoneos/ReDyne.build/DerivedSources -emit-objc-header -emit-objc-header-path /Users/runner/Library/Developer/Xcode/DerivedData/ReDyne-fenbydhslujgruhhvktoupkovrpt/Build/Intermediates.noindex/ArchiveIntermediates/ReDyne/IntermediateBuildFilesPath/ReDyne.build/Release-iphoneos/ReDyne.build/Objects-normal/arm64/ReDyne-Swift.h -import-objc-header /Users/runner/work/ReDyned/ReDyned/ReDyne/ReDyne-Bridging-Header.h -working-directory /Users/runner/work/ReDyned/ReDyned -no-emit-module-separately-wmo
2026-02-26T07:10:13.8262940Z 
2026-02-26T07:10:13.8263610Z SwiftExplicitDependencyGeneratePcm arm64 /Users/runner/Library/Developer/Xcode/DerivedData/ModuleCache.noindex/_SwiftConcurrencyShims-CYMRE9TTJSNC6CJCMAS2BJOPB.pcm
2026-02-26T07:10:13.8264510Z 
2026-02-26T07:10:13.8265010Z SwiftExplicitDependencyGeneratePcm arm64 /Users/runner/Library/Developer/Xcode/DerivedData/ModuleCache.noindex/SwiftShims-1NCLPXNXR25MTWH7HHKGI3C9R.pcm
2026-02-26T07:10:13.8265780Z 
2026-02-26T07:10:13.8266470Z SwiftExplicitDependencyGeneratePcm arm64 /Users/runner/Library/Developer/Xcode/DerivedData/ModuleCache.noindex/DeveloperToolsSupport-69C6ZW40R9PF9LT5OE8J4F70L.pcm
2026-02-26T07:10:13.8268030Z 
2026-02-26T07:10:13.8269060Z SwiftExplicitDependencyGeneratePcm arm64 /Users/runner/Library/Developer/Xcode/DerivedData/ModuleCache.noindex/ptrauth-CRH8GSUZW32A3E583OT05KE74.pcm
2026-02-26T07:10:13.8269800Z 
2026-02-26T07:10:13.8270460Z SwiftExplicitDependencyGeneratePcm arm64 /Users/runner/Library/Developer/Xcode/DerivedData/ModuleCache.noindex/ptrcheck-A35R70ROAZ14S1O8Y3395JN1O.pcm
2026-02-26T07:10:13.8271040Z 
2026-02-26T07:10:13.8271700Z SwiftExplicitDependencyGeneratePcm arm64 /Users/runner/Library/Developer/Xcode/DerivedData/ModuleCache.noindex/_Builtin_stdbool-BDH4JGLCB3QI0UMHTDR79PGI1.pcm
2026-02-26T07:10:13.8272430Z 
2026-02-26T07:10:13.8272870Z SwiftExplicitDependencyGeneratePcm arm64 /Users/runner/Library/Developer/Xcode/DerivedData/ModuleCache.noindex/_AvailabilityInternal-9NHY1UX5B29LASQR0EG46PCZ4.pcm
2026-02-26T07:10:13.8274310Z 
2026-02-26T07:10:13.8275360Z SwiftExplicitDependencyGeneratePcm arm64 /Users/runner/Library/Developer/Xcode/DerivedData/ModuleCache.noindex/_Builtin_stddef-5QHQY652KXO1PPP8SNYL86OVS.pcm
2026-02-26T07:10:13.8276350Z 
2026-02-26T07:10:13.8276900Z SwiftExplicitDependencyGeneratePcm arm64 /Users/runner/Library/Developer/Xcode/DerivedData/ModuleCache.noindex/_Builtin_stdarg-CNYOL4I0NT8VW86CJ0ICYFOYI.pcm
2026-02-26T07:10:13.8277570Z 
2026-02-26T07:10:13.8295580Z SwiftExplicitDependencyGeneratePcm arm64 /Users/runner/Library/Developer/Xcode/DerivedData/ModuleCache.noindex/_Builtin_float-CZ4IZV8N0WTUPB1OFS490TVST.pcm
2026-02-26T07:10:13.8296280Z 
2026-02-26T07:10:13.8296810Z SwiftExplicitDependencyGeneratePcm arm64 /Users/runner/Library/Developer/Xcode/DerivedData/ModuleCache.noindex/_DarwinFoundation1-C4JRRM2UANY2QZYD83LT8L73U.pcm
2026-02-26T07:10:13.8297420Z 
2026-02-26T07:10:13.8297940Z SwiftExplicitDependencyGeneratePcm arm64 /Users/runner/Library/Developer/Xcode/DerivedData/ModuleCache.noindex/_Builtin_limits-A3TG3XOV2ICK500KTYO0856WY.pcm
2026-02-26T07:10:13.8298830Z 
2026-02-26T07:10:13.8300120Z SwiftExplicitDependencyGeneratePcm arm64 /Users/runner/Library/Developer/Xcode/DerivedData/ModuleCache.noindex/_DarwinFoundation2-4IEL6Y832K1JIFU2EUPFYSDDH.pcm
2026-02-26T07:10:13.8300690Z 
2026-02-26T07:10:13.8301210Z SwiftExplicitDependencyGeneratePcm arm64 /Users/runner/Library/Developer/Xcode/DerivedData/ModuleCache.noindex/sys_types-5TICLPXZRYXZJYJR6K8Y494HU.pcm
2026-02-26T07:10:13.8302710Z 
2026-02-26T07:10:13.8303220Z SwiftExplicitDependencyGeneratePcm arm64 /Users/runner/Library/Developer/Xcode/DerivedData/ModuleCache.noindex/_Builtin_tgmath-7L9B7YWFG3238ZY78IBXVB1BC.pcm
2026-02-26T07:10:13.8303900Z 
2026-02-26T07:10:13.8307380Z SwiftExplicitDependencyGeneratePcm arm64 /Users/runner/Library/Developer/Xcode/DerivedData/ModuleCache.noindex/_Builtin_stdint-VRIPBXQXA87S3V2GK3PXCNWA.pcm
2026-02-26T07:10:13.8308000Z 
2026-02-26T07:10:13.8309370Z SwiftExplicitDependencyGeneratePcm arm64 /Users/runner/Library/Developer/Xcode/DerivedData/ModuleCache.noindex/_DarwinFoundation3-5BQ4MZ0G1EA9AVWJKMT1R9D8T.pcm
2026-02-26T07:10:13.8310080Z 
2026-02-26T07:10:13.8310590Z SwiftExplicitDependencyGeneratePcm arm64 /Users/runner/Library/Developer/Xcode/DerivedData/ModuleCache.noindex/_Builtin_stdatomic-BIH06J7V4UU2IAM468F35AO1U.pcm
2026-02-26T07:10:13.8311180Z 
2026-02-26T07:10:13.8311760Z SwiftExplicitDependencyGeneratePcm arm64 /Users/runner/Library/Developer/Xcode/DerivedData/ModuleCache.noindex/_Builtin_intrinsics-7YY42X537JR1CNX8VNIIZIEND.pcm
2026-02-26T07:10:13.8312810Z 
2026-02-26T07:10:13.8313360Z SwiftExplicitDependencyGeneratePcm arm64 /Users/runner/Library/Developer/Xcode/DerivedData/ModuleCache.noindex/CommonCrypto-8Y4484YLS16QFS5I6BWOV5V2V.pcm
2026-02-26T07:10:13.8314070Z 
2026-02-26T07:10:13.8314570Z SwiftExplicitDependencyGeneratePcm arm64 /Users/runner/Library/Developer/Xcode/DerivedData/ModuleCache.noindex/_Builtin_inttypes-RF6PZJRBLGWWNA7WEMMWU15B.pcm
2026-02-26T07:10:13.8315230Z 
2026-02-26T07:10:13.8315780Z SwiftExplicitDependencyGeneratePcm arm64 /Users/runner/Library/Developer/Xcode/DerivedData/ModuleCache.noindex/Darwin-13H10LN425CZIJOLEJ2C0L61F.pcm
2026-02-26T07:10:13.8316350Z 
2026-02-26T07:10:13.8317470Z SwiftExplicitDependencyGeneratePcm arm64 /Users/runner/Library/Developer/Xcode/DerivedData/ModuleCache.noindex/simd-CZXFXGQ2YNNNH3QNVCURIVDCA.pcm
2026-02-26T07:10:13.8484320Z 
2026-02-26T07:10:13.8485710Z SwiftExplicitDependencyGeneratePcm arm64 /Users/runner/Library/Developer/Xcode/DerivedData/ModuleCache.noindex/MachO-D9JKE8FMIHPKKO0VG3LLL4IDU.pcm
2026-02-26T07:10:13.8486240Z 
2026-02-26T07:10:13.8486990Z SwiftExplicitDependencyGeneratePcm arm64 /Users/runner/Library/Developer/Xcode/DerivedData/ModuleCache.noindex/ObjectiveC-4V9ONYFLNFEOMS3ZYNGTNCETC.pcm
2026-02-26T07:10:13.8494820Z 
2026-02-26T07:10:13.8495290Z SwiftExplicitDependencyGeneratePcm arm64 /Users/runner/Library/Developer/Xcode/DerivedData/ModuleCache.noindex/os_object-F157AYE5L4E35S31ASWEZWNNI.pcm
2026-02-26T07:10:13.8496630Z 
2026-02-26T07:10:13.8497370Z SwiftExplicitDependencyGeneratePcm arm64 /Users/runner/Library/Developer/Xcode/DerivedData/ModuleCache.noindex/os_workgroup-3FRJ0Z7JK2FOXQ9ZIQNMCNB3.pcm
2026-02-26T07:10:13.8497920Z 
2026-02-26T07:10:13.8498460Z SwiftExplicitDependencyGeneratePcm arm64 /Users/runner/Library/Developer/Xcode/DerivedData/ModuleCache.noindex/Dispatch-D1RC6JZWHMBU1MD5FB1VRISMS.pcm
2026-02-26T07:10:13.8499060Z 
2026-02-26T07:10:13.8499490Z SwiftExplicitDependencyGeneratePcm arm64 /Users/runner/Library/Developer/Xcode/DerivedData/ModuleCache.noindex/Spatial-KUG5NGFSE9T04Z5AQM53U9VE.pcm
2026-02-26T07:10:13.8500060Z 
2026-02-26T07:10:13.8500530Z SwiftExplicitDependencyGeneratePcm arm64 /Users/runner/Library/Developer/Xcode/DerivedData/ModuleCache.noindex/CoreFoundation-F0A79WTX34NK2SILI0J819YLD.pcm
2026-02-26T07:10:13.8501060Z 
2026-02-26T07:10:13.8501560Z SwiftExplicitDependencyGeneratePcm arm64 /Users/runner/Library/Developer/Xcode/DerivedData/ModuleCache.noindex/XPC-8KID77LQI5VGVKZR43ZUXWIC6.pcm
2026-02-26T07:10:13.8502060Z 
2026-02-26T07:10:13.8502480Z SwiftExplicitDependencyGeneratePcm arm64 /Users/runner/Library/Developer/Xcode/DerivedData/ModuleCache.noindex/Security-1VWSQVZIGVBYUFJX5UMCBECGL.pcm
2026-02-26T07:10:13.8503010Z 
2026-02-26T07:10:13.8503490Z SwiftExplicitDependencyGeneratePcm arm64 /Users/runner/Library/Developer/Xcode/DerivedData/ModuleCache.noindex/CFNetwork-A5INXGLQSGAKLZMK8ZZJNJOM9.pcm
2026-02-26T07:10:13.8504000Z 
2026-02-26T07:10:13.8504380Z SwiftExplicitDependencyGeneratePcm arm64 /Users/runner/Library/Developer/Xcode/DerivedData/ModuleCache.noindex/os-3A91NR1ELP8SC08OB882DMQDA.pcm
2026-02-26T07:10:13.8504980Z 
2026-02-26T07:10:13.8505370Z SwiftExplicitDependencyGeneratePcm arm64 /Users/runner/Library/Developer/Xcode/DerivedData/ModuleCache.noindex/CoreGraphics-290GO085OFPWGU2IV9M0J0OUX.pcm
2026-02-26T07:10:13.8505900Z 
2026-02-26T07:10:13.8506350Z SwiftExplicitDependencyGeneratePcm arm64 /Users/runner/Library/Developer/Xcode/DerivedData/ModuleCache.noindex/Foundation-8PX8V69DPM0056ZVUAY6ZATXP.pcm
2026-02-26T07:10:13.8506810Z 
2026-02-26T07:10:13.8507190Z SwiftExplicitDependencyGeneratePcm arm64 /Users/runner/Library/Developer/Xcode/DerivedData/ModuleCache.noindex/CoreText-XP7RNABYCM76Z37VF19TLRPH.pcm
2026-02-26T07:10:13.8507710Z 
2026-02-26T07:10:13.8508080Z SwiftExplicitDependencyGeneratePcm arm64 /Users/runner/Library/Developer/Xcode/DerivedData/ModuleCache.noindex/ImageIO-99KYB9MVUZY4V2YZZ9DJ4XGDF.pcm
2026-02-26T07:10:13.8509000Z 
2026-02-26T07:10:13.8509470Z SwiftExplicitDependencyGeneratePcm arm64 /Users/runner/Library/Developer/Xcode/DerivedData/ModuleCache.noindex/UniformTypeIdentifiers-5V25YQ7PLZXLX39YJZ67WOOY3.pcm
2026-02-26T07:10:13.8509970Z 
2026-02-26T07:10:13.8510400Z SwiftExplicitDependencyGeneratePcm arm64 /Users/runner/Library/Developer/Xcode/DerivedData/ModuleCache.noindex/OSLog-ATPEI69UBJ5GENFKK9W36N808.pcm
2026-02-26T07:10:13.8511700Z 
2026-02-26T07:10:13.8512740Z SwiftExplicitDependencyGeneratePcm arm64 /Users/runner/Library/Developer/Xcode/DerivedData/ModuleCache.noindex/Symbols-97U3O0E19UZGWXTYI1ZF4L7T6.pcm
2026-02-26T07:10:13.8513260Z 
2026-02-26T07:10:13.8513950Z SwiftExplicitDependencyGeneratePcm arm64 /Users/runner/Library/Developer/Xcode/DerivedData/ModuleCache.noindex/IOSurface-9KY06EOD17G9IFHHXR9RGNAFZ.pcm
2026-02-26T07:10:13.8514440Z 
2026-02-26T07:10:13.8514860Z SwiftExplicitDependencyGeneratePcm arm64 /Users/runner/Library/Developer/Xcode/DerivedData/ModuleCache.noindex/DataDetection-BQWMYVP4UZF4FHVJ478LNA0OW.pcm
2026-02-26T07:10:13.8515350Z 
2026-02-26T07:10:13.8515770Z SwiftExplicitDependencyGeneratePcm arm64 /Users/runner/Library/Developer/Xcode/DerivedData/ModuleCache.noindex/UserNotifications-B2KVWWF7IT2BL7WIBMR38LHRP.pcm
2026-02-26T07:10:13.8516300Z 
2026-02-26T07:10:13.8516730Z SwiftExplicitDependencyGeneratePcm arm64 /Users/runner/Library/Developer/Xcode/DerivedData/ModuleCache.noindex/CoreTransferable-26LEPYIDHTW30KFA6PJJRKLF7.pcm
2026-02-26T07:10:13.8517250Z 
2026-02-26T07:10:13.8517660Z SwiftExplicitDependencyGeneratePcm arm64 /Users/runner/Library/Developer/Xcode/DerivedData/ModuleCache.noindex/UIUtilities-JNVNT8DWZDOTAWFNEM6CBEBB.pcm
2026-02-26T07:10:13.8518170Z 
2026-02-26T07:10:13.8518600Z SwiftExplicitDependencyGeneratePcm arm64 /Users/runner/Library/Developer/Xcode/DerivedData/ModuleCache.noindex/Accessibility-4OLCRQFGZWYNOBWKQ6U0OT3FY.pcm
2026-02-26T07:10:13.8519190Z 
2026-02-26T07:10:13.8519710Z SwiftExplicitDependencyGeneratePcm arm64 /Users/runner/Library/Developer/Xcode/DerivedData/ModuleCache.noindex/Metal-4RC25E99TYBQR7IHZ5EWKNXNB.pcm
2026-02-26T07:10:13.8520200Z 
2026-02-26T07:10:13.8520700Z SwiftExplicitDependencyGeneratePcm arm64 /Users/runner/Library/Developer/Xcode/DerivedData/ModuleCache.noindex/FileProvider-B7BF71SGE1CMLUKGQHLKKRQ1K.pcm
2026-02-26T07:10:13.8521270Z 
2026-02-26T07:10:13.8521680Z SwiftExplicitDependencyGeneratePcm arm64 /Users/runner/Library/Developer/Xcode/DerivedData/ModuleCache.noindex/CoreData-3A13P7V2H4O2V8X5F2C0AF6B.pcm
2026-02-26T07:10:13.8522250Z 
2026-02-26T07:10:13.8522660Z SwiftExplicitDependencyGeneratePcm arm64 /Users/runner/Library/Developer/Xcode/DerivedData/ModuleCache.noindex/OpenGLES-CAQWNC0KIEHSY3G7WBZIAKYR7.pcm
2026-02-26T07:10:13.8523150Z 
2026-02-26T07:10:13.8523650Z SwiftExplicitDependencyGeneratePcm arm64 /Users/runner/Library/Developer/Xcode/DerivedData/ModuleCache.noindex/CoreVideo-3100A6HWP6LY7237ZS4RKGSY1.pcm
2026-02-26T07:10:13.8524260Z 
2026-02-26T07:10:13.8524680Z SwiftExplicitDependencyGeneratePcm arm64 /Users/runner/Library/Developer/Xcode/DerivedData/ModuleCache.noindex/QuartzCore-8DVCVN3S6U4IGB62401N2P0B5.pcm
2026-02-26T07:10:13.8525270Z 
2026-02-26T07:10:13.8525740Z SwiftExplicitDependencyGeneratePcm arm64 /Users/runner/Library/Developer/Xcode/DerivedData/ModuleCache.noindex/CoreImage-7UJ1CAMLC0BS4W03GEDUEMULU.pcm
2026-02-26T07:10:13.8526230Z 
2026-02-26T07:10:13.8526630Z SwiftExplicitDependencyGeneratePcm arm64 /Users/runner/Library/Developer/Xcode/DerivedData/ModuleCache.noindex/SwiftUICore-B32SBAK1V4QE0RYLX6HH0GC3G.pcm
2026-02-26T07:10:13.8527110Z 
2026-02-26T07:10:13.8527520Z SwiftExplicitDependencyGeneratePcm arm64 /Users/runner/Library/Developer/Xcode/DerivedData/ModuleCache.noindex/UIKit-679I6GFUIE4X2K41ZWOLFBQLT.pcm
2026-02-26T07:10:13.8528090Z 
2026-02-26T07:10:13.8529350Z SwiftExplicitDependencyGeneratePcm arm64 /Users/runner/Library/Developer/Xcode/DerivedData/ModuleCache.noindex/SwiftUI-D7S9Z7RG5TBY3CUGGRPL7HI48.pcm
2026-02-26T07:10:13.8530750Z 
2026-02-26T07:10:13.8531440Z SwiftGeneratePch normal arm64 Compiling\ bridging\ header (in target 'ReDyne' from project 'ReDyne')
2026-02-26T07:10:13.8532170Z 
2026-02-26T07:10:13.8532450Z SwiftDriverJobDiscovery normal arm64 Compiling bridging header (in target 'ReDyne' from project 'ReDyne')
2026-02-26T07:10:13.8533280Z 
2026-02-26T07:10:13.8669010Z SwiftCompile normal arm64 Compiling\ Array+SymbolAnalysis.swift,\ String+Disassembly.swift,\ UIViewController+Rename.swift,\ BinaryPatchModels.swift,\ CFGModels.swift,\ CodeSigningInfo.swift,\ CrossReference.swift,\ Dependency.swift,\ FunctionDatabase.swift,\ ImportExport.swift,\ ObjCRuntime.swift,\ SymbolInfo.swift,\ TypeReconstructionAnalyzer.swift,\ TypeReconstructionModels.swift,\ BinaryPatchEngine.swift,\ BinaryPatchService.swift,\ CFGAnalyzer.swift,\ CodeSignatureAnalyzer.swift,\ DecompilationCache.swift,\ ExportService.swift,\ FunctionNameImportService.swift,\ ImportExportAnalyzer.swift,\ ObjCAnalyzer.swift,\ PatchTemplateLibrary.swift,\ PseudocodeService.swift,\ SavedBinaryStorage.swift,\ XrefAnalyzer.swift,\ Constants.swift,\ EnhancedFilePicker.swift,\ ErrorHandler.swift,\ FilePickerHelper.swift,\ MachOUtilities.swift,\ AnalysisMenuViewController.swift,\ BinaryPatchDashboardViewController.swift,\ BinaryPatchDetailViewController.swift,\ BinaryPatchEditorViewController.swift,\ CFGViewController.swift,\ ClassDumpViewController.swift,\ CodeSignatureViewController.swift,\ DecompileViewController.swift,\ DependencyViewController.swift,\ DiffViewController.swift,\ FilePickerViewController.swift,\ HexViewerViewController.swift,\ ImportsExportsViewController.swift,\ MemoryMapViewController.swift,\ ObjCClassesViewController.swift,\ PatchTemplateBrowserViewController.swift,\ PatchTemplateDetailViewController.swift,\ PseudocodeViewController.swift,\ ResultsViewController.swift,\ TypeReconstructionViewController.swift,\ XrefsViewController.swift,\ DocumentPickerModifier.swift,\ MemoryMapView.swift,\ GeneratedAssetSymbols.swift /Users/runner/work/ReDyned/ReDyned/ReDyne/Extensions/Array+SymbolAnalysis.swift /Users/runner/work/ReDyned/ReDyned/ReDyne/Extensions/String+Disassembly.swift /Users/runner/work/ReDyned/ReDyned/ReDyne/Extensions/UIViewController+Rename.swift /Users/runner/work/ReDyned/ReDyned/ReDyne/Models/BinaryPatchModels.swift /Users/runner/work/ReDyned/ReDyned/ReDyne/Models/CFGModels.swift /Users/runner/work/ReDyned/ReDyned/ReDyne/Models/CodeSigningInfo.swift /Users/runner/work/ReDyned/ReDyned/ReDyne/Models/CrossReference.swift /Users/runner/work/ReDyned/ReDyned/ReDyne/Models/Dependency.swift /Users/runner/work/ReDyned/ReDyned/ReDyne/Models/FunctionDatabase.swift /Users/runner/work/ReDyned/ReDyned/ReDyne/Models/ImportExport.swift /Users/runner/work/ReDyned/ReDyned/ReDyne/Models/ObjCRuntime.swift /Users/runner/work/ReDyned/ReDyned/ReDyne/Models/SymbolInfo.swift /Users/runner/work/ReDyned/ReDyned/ReDyne/Models/TypeReconstructionAnalyzer.swift /Users/runner/work/ReDyned/ReDyned/ReDyne/Models/TypeReconstructionModels.swift /Users/runner/work/ReDyned/ReDyned/ReDyne/Services/BinaryPatchEngine.swift /Users/runner/work/ReDyned/ReDyned/ReDyne/Services/BinaryPatchService.swift /Users/runner/work/ReDyned/ReDyned/ReDyne/Services/CFGAnalyzer.swift /Users/runner/work/ReDyned/ReDyned/ReDyne/Services/CodeSignatureAnalyzer.swift /Users/runner/work/ReDyned/ReDyned/ReDyne/Services/DecompilationCache.swift /Users/runner/work/ReDyned/ReDyned/ReDyne/Services/ExportService.swift /Users/runner/work/ReDyned/ReDyned/ReDyne/Services/FunctionNameImportService.swift /Users/runner/work/ReDyned/ReDyned/ReDyne/Services/ImportExportAnalyzer.swift /Users/runner/work/ReDyned/ReDyned/ReDyne/Services/ObjCAnalyzer.swift /Users/runner/work/ReDyned/ReDyned/ReDyne/Services/PatchTemplateLibrary.swift /Users/runner/work/ReDyned/ReDyned/ReDyne/Services/PseudocodeService.swift /Users/runner/work/ReDyned/ReDyned/ReDyne/Services/SavedBinaryStorage.swift /Users/runner/work/ReDyned/ReDyned/ReDyne/Services/XrefAnalyzer.swift /Users/runner/work/ReDyned/ReDyned/ReDyne/Utilities/Constants.swift /Users/runner/work/ReDyned/ReDyned/ReDyne/Utilities/EnhancedFilePicker.swift /Users/runner/work/ReDyned/ReDyned/ReDyne/Utilities/ErrorHandler.swift /Users/runner/work/ReDyned/ReDyned/ReDyne/Utilities/FilePickerHelper.swift /Users/runner/work/ReDyned/ReDyned/ReDyne/Utilities/MachOUtilities.swift /Users/runner/work/ReDyned/ReDyned/ReDyne/ViewControllers/AnalysisMenuViewController.swift /Users/runner/work/ReDyned/ReDyned/ReDyne/ViewControllers/BinaryPatchDashboardViewController.swift /Users/runner/work/ReDyned/ReDyned/ReDyne/ViewControllers/BinaryPatchDetailViewController.swift /Users/runner/work/ReDyned/ReDyned/ReDyne/ViewControllers/BinaryPatchEditorViewController.swift /Users/runner/work/ReDyned/ReDyned/ReDyne/ViewControllers/CFGViewController.swift /Users/runner/work/ReDyned/ReDyned/ReDyne/ViewControllers/ClassDumpViewController.swift /Users/runner/work/ReDyned/ReDyned/ReDyne/ViewControllers/CodeSignatureViewController.swift /Users/runner/work/ReDyned/ReDyned/ReDyne/ViewControllers/DecompileViewController.swift /Users/runner/work/ReDyned/ReDyned/ReDyne/ViewControllers/DependencyViewController.swift /Users/runner/work/ReDyned/ReDyned/ReDyne/ViewControllers/DiffViewController.swift /Users/runner/work/ReDyned/ReDyned/ReDyne/ViewControllers/FilePickerViewController.swift /Users/runner/work/ReDyned/ReDyned/ReDyne/ViewControllers/HexViewerViewController.swift /Users/runner/work/ReDyned/ReDyned/ReDyne/ViewControllers/ImportsExportsViewController.swift /Users/runner/work/ReDyned/ReDyned/ReDyne/ViewControllers/MemoryMapViewController.swift /Users/runner/work/ReDyned/ReDyned/ReDyne/ViewControllers/ObjCClassesViewController.swift /Users/runner/work/ReDyned/ReDyned/ReDyne/ViewControllers/PatchTemplateBrowserViewController.swift /Users/runner/work/ReDyned/ReDyned/ReDyne/ViewControllers/PatchTemplateDetailViewController.swift /Users/runner/work/ReDyned/ReDyned/ReDyne/ViewControllers/PseudocodeViewController.swift /Users/runner/work/ReDyned/ReDyned/ReDyne/ViewControllers/ResultsViewController.swift /Users/runner/work/ReDyned/ReDyned/ReDyne/ViewControllers/TypeReconstructionViewController.swift /Users/runner/work/ReDyned/ReDyned/ReDyne/ViewControllers/XrefsViewController.swift /Users/runner/work/ReDyned/ReDyned/ReDyne/Views/DocumentPickerModifier.swift /Users/runner/work/ReDyned/ReDyned/ReDyne/Views/MemoryMapView.swift /Users/runner/Library/Developer/Xcode/DerivedData/ReDyne-fenbydhslujgruhhvktoupkovrpt/Build/Intermediates.noindex/ArchiveIntermediates/ReDyne/IntermediateBuildFilesPath/ReDyne.build/Release-iphoneos/ReDyne.build/DerivedSources/GeneratedAssetSymbols.swift /Applications/Xcode_26.3_Release_Candidate_2.app/Contents/Developer/Toolchains/XcodeDefault.xctoolchain/usr/lib/swift/iphoneos/prebuilt-modules/26.2/SwiftUICore.swiftmodule/arm64e-apple-ios.swiftmodule /Applications/Xcode_26.3_Release_Candidate_2.app/Contents/Developer/Toolchains/XcodeDefault.xctoolchain/usr/lib/swift/iphoneos/prebuilt-modules/26.2/_StringProcessing.swiftmodule/arm64e-apple-ios.swiftmodule /Applications/Xcode_26.3_Release_Candidate_2.app/Contents/Developer/Toolchains/XcodeDefault.xctoolchain/usr/lib/swift/iphoneos/prebuilt-modules/26.2/_DarwinFoundation3.swiftmodule/arm64e-apple-ios.swiftmodule /Applications/Xcode_26.3_Release_Candidate_2.app/Contents/Developer/Toolchains/XcodeDefault.xctoolchain/usr/lib/swift/iphoneos/prebuilt-modules/26.2/Symbols.swiftmodule/arm64e-apple-ios.swiftmodule /Applications/Xcode_26.3_Release_Candidate_2.app/Contents/Developer/Toolchains/XcodeDefault.xctoolchain/usr/lib/swift/iphoneos/prebuilt-modules/26.2/CoreGraphics.swiftmodule/arm64e-apple-ios.swiftmodule /Applications/Xcode_26.3_Release_Candidate_2.app/Contents/Developer/Toolchains/XcodeDefault.xctoolchain/usr/lib/swift/iphoneos/prebuilt-modules/26.2/CoreFoundation.swiftmodule/arm64e-apple-ios.swiftmodule /Applications/Xcode_26.3_Release_Candidate_2.app/Contents/Developer/Toolchains/XcodeDefault.xctoolchain/usr/lib/swift/iphoneos/prebuilt-modules/26.2/SwiftUI.swiftmodule/arm64e-apple-ios.swiftmodule /Applications/Xcode_26.3_Release_Candidate_2.app/Contents/Developer/Toolchains/XcodeDefault.xctoolchain/usr/lib/swift/iphoneos/prebuilt-modules/26.2/UIKit.swiftmodule/arm64e-apple-ios.swiftmodule /Applications/Xcode_26.3_Release_Candidate_2.app/Contents/Developer/Toolchains/XcodeDefault.xctoolchain/usr/lib/swift/iphoneos/prebuilt-modules/26.2/Spatial.swiftmodule/arm64e-apple-ios.swiftmodule /Applications/Xcode_26.3_Release_Candidate_2.app/Contents/Developer/Toolchains/XcodeDefault.xctoolchain/usr/lib/swift/iphoneos/prebuilt-modules/26.2/Swift.swiftmodule/arm64e-apple-ios.swiftmodule /Applications/Xcode_26.3_Release_Candidate_2.app/Contents/Developer/Toolchains/XcodeDefault.xctoolchain/usr/lib/swift/iphoneos/prebuilt-modules/26.2/Combine.swiftmodule/arm64e-apple-ios.swiftmodule /Applications/Xcode_26.3_Release_Candidate_2.app/Contents/Developer/Toolchains/XcodeDefault.xctoolchain/usr/lib/swift/iphoneos/prebuilt-modules/26.2/Foundation.swiftmodule/arm64e-apple-ios.swiftmodule /Applications/Xcode_26.3_Release_Candidate_2.app/Contents/Developer/Toolchains/XcodeDefault.xctoolchain/usr/lib/swift/iphoneos/prebuilt-modules/26.2/OSLog.swiftmodule/arm64e-apple-ios.swiftmodule /Applications/Xcode_26.3_Release_Candidate_2.app/Contents/Developer/Toolchains/XcodeDefault.xctoolchain/usr/lib/swift/iphoneos/prebuilt-modules/26.2/UniformTypeIdentifiers.swiftmodule/arm64e-apple-ios.swiftmodule /Applications/Xcode_26.3_Release_Candidate_2.app/Contents/Developer/Toolchains/XcodeDefault.xctoolchain/usr/lib/swift/iphoneos/prebuilt-modules/26.2/CoreImage.swiftmodule/arm64e-apple-ios.swiftmodule /Applications/Xcode_26.3_Release_Candidate_2.app/Contents/Developer/Toolchains/XcodeDefault.xctoolchain/usr/lib/swift/iphoneos/prebuilt-modules/26.2/simd.swiftmodule/arm64e-apple-ios.swiftmodule /Applications/Xcode_26.3_Release_Candidate_2.app/Contents/Developer/Toolchains/XcodeDefault.xctoolchain/usr/lib/swift/iphoneos/prebuilt-modules/26.2/CoreData.swiftmodule/arm64e-apple-ios.swiftmodule /Applications/Xcode_26.3_Release_Candidate_2.app/Contents/Developer/Toolchains/XcodeDefault.xctoolchain/usr/lib/swift/iphoneos/prebuilt-modules/26.2/CoreText.swiftmodule/arm64e-apple-ios.swiftmodule /Applications/Xcode_26.3_Release_Candidate_2.app/Contents/Developer/Toolchains/XcodeDefault.xctoolchain/usr/lib/swift/iphoneos/prebuilt-modules/26.2/_DarwinFoundation1.swiftmodule/arm64e-apple-ios.swiftmodule /Applications/Xcode_26.3_Release_Candidate_2.app/Contents/Developer/Toolchains/XcodeDefault.xctoolchain/usr/lib/swift/iphoneos/prebuilt-modules/26.2/ObjectiveC.swiftmodule/arm64e-apple-ios.swiftmodule /Applications/Xcode_26.3_Release_Candidate_2.app/Contents/Developer/Toolchains/XcodeDefault.xctoolchain/usr/lib/swift/iphoneos/prebuilt-modules/26.2/_Concurrency.swiftmodule/arm64e-apple-ios.swiftmodule /Applications/Xcode_26.3_Release_Candidate_2.app/Contents/Developer/Toolchains/XcodeDefault.xctoolchain/usr/lib/swift/iphoneos/prebuilt-modules/26.2/DeveloperToolsSupport.swiftmodule/arm64e-apple-ios.swiftmodule /Applications/Xcode_26.3_Release_Candidate_2.app/Contents/Developer/Toolchains/XcodeDefault.xctoolchain/usr/lib/swift/iphoneos/prebuilt-modules/26.2/_DarwinFoundation2.swiftmodule/arm64e-apple-ios.swiftmodule /Applications/Xcode_26.3_Release_Candidate_2.app/Contents/Developer/Toolchains/XcodeDefault.xctoolchain/usr/lib/swift/iphoneos/prebuilt-modules/26.2/Dispatch.swiftmodule/arm64e-apple-ios.swiftmodule /Applications/Xcode_26.3_Release_Candidate_2.app/Contents/Developer/Toolchains/XcodeDefault.xctoolchain/usr/lib/swift/iphoneos/prebuilt-modules/26.2/os.swiftmodule/arm64e-apple-ios.swiftmodule /Applications/Xcode_26.3_Release_Candidate_2.app/Contents/Developer/Toolchains/XcodeDefault.xctoolchain/usr/lib/swift/iphoneos/prebuilt-modules/26.2/CoreTransferable.swiftmodule/arm64e-apple-ios.swiftmodule /Applications/Xcode_26.3_Release_Candidate_2.app/Contents/Developer/Toolchains/XcodeDefault.xctoolchain/usr/lib/swift/iphoneos/prebuilt-modules/26.2/Observation.swiftmodule/arm64e-apple-ios.swiftmodule /Applications/Xcode_26.3_Release_Candidate_2.app/Contents/Developer/Toolchains/XcodeDefault.xctoolchain/usr/lib/swift/iphoneos/prebuilt-modules/26.2/FileProvider.swiftmodule/arm64e-apple-ios.swiftmodule /Applications/Xcode_26.3_Release_Candidate_2.app/Contents/Developer/Toolchains/XcodeDefault.xctoolchain/usr/lib/swift/iphoneos/prebuilt-modules/26.2/CoreVideo.swiftmodule/arm64e-apple-ios.swiftmodule /Applications/Xcode_26.3_Release_Candidate_2.app/Contents/Developer/Toolchains/XcodeDefault.xctoolchain/usr/lib/swift/iphoneos/prebuilt-modules/26.2/System.swiftmodule/arm64e-apple-ios.swiftmodule /Applications/Xcode_26.3_Release_Candidate_2.app/Contents/Developer/Toolchains/XcodeDefault.xctoolchain/usr/lib/swift/iphoneos/prebuilt-modules/26.2/QuartzCore.swiftmodule/arm64e-apple-ios.swiftmodule /Applications/Xcode_26.3_Release_Candidate_2.app/Contents/Developer/Toolchains/XcodeDefault.xctoolchain/usr/lib/swift/iphoneos/prebuilt-modules/26.2/Darwin.swiftmodule/arm64e-apple-ios.swiftmodule /Applications/Xcode_26.3_Release_Candidate_2.app/Contents/Developer/Toolchains/XcodeDefault.xctoolchain/usr/lib/swift/iphoneos/prebuilt-modules/26.2/DataDetection.swiftmodule/arm64e-apple-ios.swiftmodule /Applications/Xcode_26.3_Release_Candidate_2.app/Contents/Developer/Toolchains/XcodeDefault.xctoolchain/usr/lib/swift/iphoneos/prebuilt-modules/26.2/_Builtin_float.swiftmodule/arm64e-apple-ios.swiftmodule /Applications/Xcode_26.3_Release_Candidate_2.app/Contents/Developer/Toolchains/XcodeDefault.xctoolchain/usr/lib/swift/iphoneos/prebuilt-modules/26.2/Metal.swiftmodule/arm64e-apple-ios.swiftmodule /Applications/Xcode_26.3_Release_Candidate_2.app/Contents/Developer/Toolchains/XcodeDefault.xctoolchain/usr/lib/swift/iphoneos/prebuilt-modules/26.2/Accessibility.swiftmodule/arm64e-apple-ios.swiftmodule /Applications/Xcode_26.3_Release_Candidate_2.app/Contents/Developer/Toolchains/XcodeDefault.xctoolchain/usr/lib/swift/iphoneos/prebuilt-modules/26.2/XPC.swiftmodule/arm64e-apple-ios.swiftmodule /Users/runner/Library/Developer/Xcode/DerivedData/ModuleCache.noindex/ptrauth-CRH8GSUZW32A3E583OT05KE74.pcm /Users/runner/Library/Developer/Xcode/DerivedData/ModuleCache.noindex/ObjectiveC-4V9ONYFLNFEOMS3ZYNGTNCETC.pcm /Users/runner/Library/Developer/Xcode/DerivedData/ModuleCache.noindex/CoreGraphics-290GO085OFPWGU2IV9M0J0OUX.pcm /Users/runner/Library/Developer/Xcode/DerivedData/ModuleCache.noindex/_AvailabilityInternal-9NHY1UX5B29LASQR0EG46PCZ4.pcm /Users/runner/Library/Developer/Xcode/DerivedData/ModuleCache.noindex/Symbols-97U3O0E19UZGWXTYI1ZF4L7T6.pcm /Users/runner/Library/Developer/Xcode/DerivedData/ModuleCache.noindex/CoreVideo-3100A6HWP6LY7237ZS4RKGSY1.pcm /Users/runner/Library/Developer/Xcode/DerivedData/ModuleCache.noindex/Foundation-8PX8V69DPM0056ZVUAY6ZATXP.pcm /Users/runner/Library/Developer/Xcode/DerivedData/ModuleCache.noindex/CFNetwork-A5INXGLQSGAKLZMK8ZZJNJOM9.pcm /Users/runner/Library/Developer/Xcode/DerivedData/ModuleCache.noindex/MachO-D9JKE8FMIHPKKO0VG3LLL4IDU.pcm /Users/runner/Library/Developer/Xcode/DerivedData/ModuleCache.noindex/_Builtin_limits-A3TG3XOV2ICK500KTYO0856WY.pcm /Users/runner/Library/Developer/Xcode/DerivedData/ModuleCache.noindex/FileProvider-B7BF71SGE1CMLUKGQHLKKRQ1K.pcm /Users/runner/Library/Developer/Xcode/DerivedData/ModuleCache.noindex/CoreText-XP7RNABYCM76Z37VF19TLRPH.pcm /Users/runner/Library/Developer/Xcode/DerivedData/ModuleCache.noindex/OSLog-ATPEI69UBJ5GENFKK9W36N808.pcm /Users/runner/Library/Developer/Xcode/DerivedData/ModuleCache.noindex/CommonCrypto-8Y4484YLS16QFS5I6BWOV5V2V.pcm /Users/runner/Library/Developer/Xcode/DerivedData/ModuleCache.noindex/os-3A91NR1ELP8SC08OB882DMQDA.pcm /Users/runner/Library/Developer/Xcode/DerivedData/ModuleCache.noindex/sys_types-5TICLPXZRYXZJYJR6K8Y494HU.pcm /Users/runner/Library/Developer/Xcode/DerivedData/ModuleCache.noindex/CoreImage-7UJ1CAMLC0BS4W03GEDUEMULU.pcm /Users/runner/Library/Developer/Xcode/DerivedData/ModuleCache.noindex/Accessibility-4OLCRQFGZWYNOBWKQ6U0OT3FY.pcm /Users/runner/Library/Developer/Xcode/DerivedData/ModuleCache.noindex/DeveloperToolsSupport-69C6ZW40R9PF9LT5OE8J4F70L.pcm /Users/runner/Library/Developer/Xcode/DerivedData/ModuleCache.noindex/_DarwinFoundation3-5BQ4MZ0G1EA9AVWJKMT1R9D8T.pcm /Users/runner/Library/Developer/Xcode/DerivedData/ModuleCache.noindex/_Builtin_stdbool-BDH4JGLCB3QI0UMHTDR79PGI1.pcm /Users/runner/Library/Developer/Xcode/DerivedData/ModuleCache.noindex/SwiftShims-1NCLPXNXR25MTWH7HHKGI3C9R.pcm /Users/runner/Library/Developer/Xcode/DerivedData/ModuleCache.noindex/SwiftUICore-B32SBAK1V4QE0RYLX6HH0GC3G.pcm /Users/runner/Library/Developer/Xcode/DerivedData/ModuleCache.noindex/IOSurface-9KY06EOD17G9IFHHXR9RGNAFZ.pcm /Users/runner/Library/Developer/Xcode/DerivedData/ModuleCache.noindex/_DarwinFoundation1-C4JRRM2UANY2QZYD83LT8L73U.pcm /Users/runner/Library/Developer/Xcode/DerivedData/ModuleCache.noindex/simd-CZXFXGQ2YNNNH3QNVCURIVDCA.pcm /Users/runner/Library/Developer/Xcode/DerivedData/ModuleCache.noindex/_Builtin_stddef-5QHQY652KXO1PPP8SNYL86OVS.pcm /Users/runner/Library/Developer/Xcode/DerivedData/ModuleCache.noindex/_DarwinFoundation2-4IEL6Y832K1JIFU2EUPFYSDDH.pcm /Users/runner/Library/Developer/Xcode/DerivedData/ModuleCache.noindex/UniformTypeIdentifiers-5V25YQ7PLZXLX39YJZ67WOOY3.pcm /Users/runner/Library/Developer/Xcode/DerivedData/ModuleCache.noindex/OpenGLES-CAQWNC0KIEHSY3G7WBZIAKYR7.pcm /Users/runner/Library/Developer/Xcode/DerivedData/ModuleCache.noindex/_Builtin_stdarg-CNYOL4I0NT8VW86CJ0ICYFOYI.pcm /Users/runner/Library/Developer/Xcode/DerivedData/ModuleCache.noindex/CoreData-3A13P7V2H4O2V8X5F2C0AF6B.pcm /Users/runner/Library/Developer/Xcode/DerivedData/ModuleCache.noindex/UIUtilities-JNVNT8DWZDOTAWFNEM6CBEBB.pcm /Users/runner/Library/Developer/Xcode/DerivedData/ModuleCache.noindex/_Builtin_stdint-VRIPBXQXA87S3V2GK3PXCNWA.pcm /Users/runner/Library/Developer/Xcode/DerivedData/ModuleCache.noindex/_Builtin_intrinsics-7YY42X537JR1CNX8VNIIZIEND.pcm /Users/runner/Library/Developer/Xcode/DerivedData/ModuleCache.noindex/os_object-F157AYE5L4E35S31ASWEZWNNI.pcm /Users/runner/Library/Developer/Xcode/DerivedData/ModuleCache.noindex/Darwin-13H10LN425CZIJOLEJ2C0L61F.pcm /Users/runner/Library/Developer/Xcode/DerivedData/ModuleCache.noindex/ImageIO-99KYB9MVUZY4V2YZZ9DJ4XGDF.pcm /Users/runner/Library/Developer/Xcode/DerivedData/ModuleCache.noindex/_Builtin_inttypes-RF6PZJRBLGWWNA7WEMMWU15B.pcm /Users/runner/Library/Developer/Xcode/DerivedData/ModuleCache.noindex/XPC-8KID77LQI5VGVKZR43ZUXWIC6.pcm /Users/runner/Library/Developer/Xcode/DerivedData/ModuleCache.noindex/Metal-4RC25E99TYBQR7IHZ5EWKNXNB.pcm /Users/runner/Library/Developer/Xcode/DerivedData/ModuleCache.noindex/DataDetection-BQWMYVP4UZF4FHVJ478LNA0OW.pcm /Users/runner/Library/Developer/Xcode/DerivedData/ModuleCache.noindex/SwiftUI-D7S9Z7RG5TBY3CUGGRPL7HI48.pcm /Users/runner/Library/Developer/Xcode/DerivedData/ModuleCache.noindex/Security-1VWSQVZIGVBYUFJX5UMCBECGL.pcm /Users/runner/Library/Developer/Xcode/DerivedData/ModuleCache.noindex/_Builtin_tgmath-7L9B7YWFG3238ZY78IBXVB1BC.pcm /Users/runner/Library/Developer/Xcode/DerivedData/ModuleCache.noindex/UIKit-679I6GFUIE4X2K41ZWOLFBQLT.pcm /Users/runner/Library/Developer/Xcode/DerivedData/ModuleCache.noindex/CoreTransferable-26LEPYIDHTW30KFA6PJJRKLF7.pcm /Users/runner/Library/Developer/Xcode/DerivedData/ModuleCache.noindex/ptrcheck-A35R70ROAZ14S1O8Y3395JN1O.pcm /Users/runner/Library/Developer/Xcode/DerivedData/ModuleCache.noindex/UserNotifications-B2KVWWF7IT2BL7WIBMR38LHRP.pcm /Users/runner/Library/Developer/Xcode/DerivedData/ModuleCache.noindex/os_workgroup-3FRJ0Z7JK2FOXQ9ZIQNMCNB3.pcm /Users/runner/Library/Developer/Xcode/DerivedData/ModuleCache.noindex/QuartzCore-8DVCVN3S6U4IGB62401N2P0B5.pcm /Users/runner/Library/Developer/Xcode/DerivedData/ModuleCache.noindex/_Builtin_stdatomic-BIH06J7V4UU2IAM468F35AO1U.pcm /Users/runner/Library/Developer/Xcode/DerivedData/ModuleCache.noindex/_SwiftConcurrencyShims-CYMRE9TTJSNC6CJCMAS2BJOPB.pcm /Users/runner/Library/Developer/Xcode/DerivedData/ModuleCache.noindex/Dispatch-D1RC6JZWHMBU1MD5FB1VRISMS.pcm /Users/runner/Library/Developer/Xcode/DerivedData/ModuleCache.noindex/CoreFoundation-F0A79WTX34NK2SILI0J819YLD.pcm /Users/runner/Library/Developer/Xcode/DerivedData/ModuleCache.noindex/Spatial-KUG5NGFSE9T04Z5AQM53U9VE.pcm /Users/runner/Library/Developer/Xcode/DerivedData/ModuleCache.noindex/_Builtin_float-CZ4IZV8N0WTUPB1OFS490TVST.pcm /Users/runner/Library/Developer/Xcode/DerivedData/ReDyne-fenbydhslujgruhhvktoupkovrpt/Build/Intermediates.noindex/ArchiveIntermediates/ReDyne/IntermediateBuildFilesPath/ReDyne.build/Release-iphoneos/ReDyne.build/Objects-normal/arm64/ReDyne-dependencies-1.json /Users/runner/Library/Developer/Xcode/DerivedData/ReDyne-fenbydhslujgruhhvktoupkovrpt/Build/Intermediates.noindex/ArchiveIntermediates/ReDyne/IntermediateBuildFilesPath/ReDyne.build/Release-iphoneos/ReDyne.build/Objects-normal/arm64/ReDyne-primary-Bridging-header.pch (in target 'ReDyne' from project 'ReDyne')
2026-02-26T07:10:13.8766070Z Failed frontend command:
2026-02-26T07:10:13.8908270Z /Applications/Xcode_26.3_Release_Candidate_2.app/Contents/Developer/Toolchains/XcodeDefault.xctoolchain/usr/bin/swift-frontend -frontend -c /Users/runner/work/ReDyned/ReDyned/ReDyne/Extensions/Array+SymbolAnalysis.swift /Users/runner/work/ReDyned/ReDyned/ReDyne/Extensions/String+Disassembly.swift /Users/runner/work/ReDyned/ReDyned/ReDyne/Extensions/UIViewController+Rename.swift /Users/runner/work/ReDyned/ReDyned/ReDyne/Models/BinaryPatchModels.swift /Users/runner/work/ReDyned/ReDyned/ReDyne/Models/CFGModels.swift /Users/runner/work/ReDyned/ReDyned/ReDyne/Models/CodeSigningInfo.swift /Users/runner/work/ReDyned/ReDyned/ReDyne/Models/CrossReference.swift /Users/runner/work/ReDyned/ReDyned/ReDyne/Models/Dependency.swift /Users/runner/work/ReDyned/ReDyned/ReDyne/Models/FunctionDatabase.swift /Users/runner/work/ReDyned/ReDyned/ReDyne/Models/ImportExport.swift /Users/runner/work/ReDyned/ReDyned/ReDyne/Models/ObjCRuntime.swift /Users/runner/work/ReDyned/ReDyned/ReDyne/Models/SymbolInfo.swift /Users/runner/work/ReDyned/ReDyned/ReDyne/Models/TypeReconstructionAnalyzer.swift /Users/runner/work/ReDyned/ReDyned/ReDyne/Models/TypeReconstructionModels.swift /Users/runner/work/ReDyned/ReDyned/ReDyne/Services/BinaryPatchEngine.swift /Users/runner/work/ReDyned/ReDyned/ReDyne/Services/BinaryPatchService.swift /Users/runner/work/ReDyned/ReDyned/ReDyne/Services/CFGAnalyzer.swift /Users/runner/work/ReDyned/ReDyned/ReDyne/Services/CodeSignatureAnalyzer.swift /Users/runner/work/ReDyned/ReDyned/ReDyne/Services/DecompilationCache.swift /Users/runner/work/ReDyned/ReDyned/ReDyne/Services/ExportService.swift /Users/runner/work/ReDyned/ReDyned/ReDyne/Services/FunctionNameImportService.swift /Users/runner/work/ReDyned/ReDyned/ReDyne/Services/ImportExportAnalyzer.swift /Users/runner/work/ReDyned/ReDyned/ReDyne/Services/ObjCAnalyzer.swift /Users/runner/work/ReDyned/ReDyned/ReDyne/Services/PatchTemplateLibrary.swift /Users/runner/work/ReDyned/ReDyned/ReDyne/Services/PseudocodeService.swift /Users/runner/work/ReDyned/ReDyned/ReDyne/Services/SavedBinaryStorage.swift /Users/runner/work/ReDyned/ReDyned/ReDyne/Services/XrefAnalyzer.swift /Users/runner/work/ReDyned/ReDyned/ReDyne/Utilities/Constants.swift /Users/runner/work/ReDyned/ReDyned/ReDyne/Utilities/EnhancedFilePicker.swift /Users/runner/work/ReDyned/ReDyned/ReDyne/Utilities/ErrorHandler.swift /Users/runner/work/ReDyned/ReDyned/ReDyne/Utilities/FilePickerHelper.swift /Users/runner/work/ReDyned/ReDyned/ReDyne/Utilities/MachOUtilities.swift /Users/runner/work/ReDyned/ReDyned/ReDyne/ViewControllers/AnalysisMenuViewController.swift /Users/runner/work/ReDyned/ReDyned/ReDyne/ViewControllers/BinaryPatchDashboardViewController.swift /Users/runner/work/ReDyned/ReDyned/ReDyne/ViewControllers/BinaryPatchDetailViewController.swift /Users/runner/work/ReDyned/ReDyned/ReDyne/ViewControllers/BinaryPatchEditorViewController.swift /Users/runner/work/ReDyned/ReDyned/ReDyne/ViewControllers/CFGViewController.swift /Users/runner/work/ReDyned/ReDyned/ReDyne/ViewControllers/ClassDumpViewController.swift /Users/runner/work/ReDyned/ReDyned/ReDyne/ViewControllers/CodeSignatureViewController.swift /Users/runner/work/ReDyned/ReDyned/ReDyne/ViewControllers/DecompileViewController.swift /Users/runner/work/ReDyned/ReDyned/ReDyne/ViewControllers/DependencyViewController.swift /Users/runner/work/ReDyned/ReDyned/ReDyne/ViewControllers/DiffViewController.swift /Users/runner/work/ReDyned/ReDyned/ReDyne/ViewControllers/FilePickerViewController.swift /Users/runner/work/ReDyned/ReDyned/ReDyne/ViewControllers/HexViewerViewController.swift /Users/runner/work/ReDyned/ReDyned/ReDyne/ViewControllers/ImportsExportsViewController.swift /Users/runner/work/ReDyned/ReDyned/ReDyne/ViewControllers/MemoryMapViewController.swift /Users/runner/work/ReDyned/ReDyned/ReDyne/ViewControllers/ObjCClassesViewController.swift /Users/runner/work/ReDyned/ReDyned/ReDyne/ViewControllers/PatchTemplateBrowserViewController.swift /Users/runner/work/ReDyned/ReDyned/ReDyne/ViewControllers/PatchTemplateDetailViewController.swift /Users/runner/work/ReDyned/ReDyned/ReDyne/ViewControllers/PseudocodeViewController.swift /Users/runner/work/ReDyned/ReDyned/ReDyne/ViewControllers/ResultsViewController.swift /Users/runner/work/ReDyned/ReDyned/ReDyne/ViewControllers/TypeReconstructionViewController.swift /Users/runner/work/ReDyned/ReDyned/ReDyne/ViewControllers/XrefsViewController.swift /Users/runner/work/ReDyned/ReDyned/ReDyne/Views/DocumentPickerModifier.swift /Users/runner/work/ReDyned/ReDyned/ReDyne/Views/MemoryMapView.swift /Users/runner/Library/Developer/Xcode/DerivedData/ReDyne-fenbydhslujgruhhvktoupkovrpt/Build/Intermediates.noindex/ArchiveIntermediates/ReDyne/IntermediateBuildFilesPath/ReDyne.build/Release-iphoneos/ReDyne.build/DerivedSources/GeneratedAssetSymbols.swift -supplementary-output-file-map /Users/runner/Library/Developer/Xcode/DerivedData/ReDyne-fenbydhslujgruhhvktoupkovrpt/Build/Intermediates.noindex/ArchiveIntermediates/ReDyne/IntermediateBuildFilesPath/ReDyne.build/Release-iphoneos/ReDyne.build/Objects-normal/arm64/supplementaryOutputs-1 -emit-localized-strings -emit-localized-strings-path /Users/runner/Library/Developer/Xcode/DerivedData/ReDyne-fenbydhslujgruhhvktoupkovrpt/Build/Intermediates.noindex/ArchiveIntermediates/ReDyne/IntermediateBuildFilesPath/ReDyne.build/Release-iphoneos/ReDyne.build/Objects-normal/arm64 -target arm64-apple-ios15.0 -module-can-import-version DeveloperToolsSupport 23.0.4 23.0.4 -module-can-import-version SwiftUI 7.2.5.1 7.2.5 -module-can-import-version UIKit 9126.2.4.1 9126.2.4 -load-resolved-plugin /Applications/Xcode_26.3_Release_Candidate_2.app/Contents/Developer/Platforms/iPhoneOS.platform/Developer/usr/lib/swift/host/plugins/libFoundationMacros.dylib\#/Applications/Xcode_26.3_Release_Candidate_2.app/Contents/Developer/Platforms/iPhoneOS.platform/Developer/usr/bin/swift-plugin-server\#FoundationMacros -load-resolved-plugin /Applications/Xcode_26.3_Release_Candidate_2.app/Contents/Developer/Platforms/iPhoneOS.platform/Developer/usr/lib/swift/host/plugins/libObservationMacros.dylib\#/Applications/Xcode_26.3_Release_Candidate_2.app/Contents/Developer/Platforms/iPhoneOS.platform/Developer/usr/bin/swift-plugin-server\#ObservationMacros -load-resolved-plugin /Applications/Xcode_26.3_Release_Candidate_2.app/Contents/Developer/Platforms/iPhoneOS.platform/Developer/usr/lib/swift/host/plugins/libPreviewsMacros.dylib\#/Applications/Xcode_26.3_Release_Candidate_2.app/Contents/Developer/Platforms/iPhoneOS.platform/Developer/usr/bin/swift-plugin-server\#PreviewsMacros -load-resolved-plugin /Applications/Xcode_26.3_Release_Candidate_2.app/Contents/Developer/Platforms/iPhoneOS.platform/Developer/usr/lib/swift/host/plugins/libSwiftMacros.dylib\#/Applications/Xcode_26.3_Release_Candidate_2.app/Contents/Developer/Platforms/iPhoneOS.platform/Developer/usr/bin/swift-plugin-server\#SwiftMacros -load-resolved-plugin /Applications/Xcode_26.3_Release_Candidate_2.app/Contents/Developer/Platforms/iPhoneOS.platform/Developer/usr/lib/swift/host/plugins/libSwiftUIMacros.dylib\#/Applications/Xcode_26.3_Release_Candidate_2.app/Contents/Developer/Platforms/iPhoneOS.platform/Developer/usr/bin/swift-plugin-server\#SwiftUIMacros -disable-implicit-swift-modules -Xcc -fno-implicit-modules -Xcc -fno-implicit-module-maps -explicit-swift-module-map-file /Users/runner/Library/Developer/Xcode/DerivedData/ReDyne-fenbydhslujgruhhvktoupkovrpt/Build/Intermediates.noindex/ArchiveIntermediates/ReDyne/IntermediateBuildFilesPath/ReDyne.build/Release-iphoneos/ReDyne.build/Objects-normal/arm64/ReDyne-dependencies-1.json -Xllvm -aarch64-use-tbi -enable-objc-interop -stack-check -sdk /Applications/Xcode_26.3_Release_Candidate_2.app/Contents/Developer/Platforms/iPhoneOS.platform/Developer/SDKs/iPhoneOS26.2.sdk -I /Users/runner/Library/Developer/Xcode/DerivedData/ReDyne-fenbydhslujgruhhvktoupkovrpt/Build/Intermediates.noindex/ArchiveIntermediates/ReDyne/BuildProductsPath/Release-iphoneos -F /Users/runner/Library/Developer/Xcode/DerivedData/ReDyne-fenbydhslujgruhhvktoupkovrpt/Build/Intermediates.noindex/ArchiveIntermediates/ReDyne/BuildProductsPath/Release-iphoneos -no-color-diagnostics -Xcc -fno-color-diagnostics -g -debug-info-format\=dwarf -dwarf-version\=4 -module-cache-path /Users/runner/Library/Developer/Xcode/DerivedData/ReDyne-fenbydhslujgruhhvktoupkovrpt/Build/Intermediates.noindex/ArchiveIntermediates/ReDyne/IntermediateBuildFilesPath/SwiftExplicitPrecompiledModules -swift-version 5 -enforce-exclusivity\=checked -O -serialize-debugging-options -const-gather-protocols-file /Users/runner/Library/Developer/Xcode/DerivedData/ReDyne-fenbydhslujgruhhvktoupkovrpt/Build/Intermediates.noindex/ArchiveIntermediates/ReDyne/IntermediateBuildFilesPath/ReDyne.build/Release-iphoneos/ReDyne.build/Objects-normal/arm64/ReDyne_const_extract_protocols.json -enable-upcoming-feature DisableOutwardActorInference -enable-upcoming-feature InferSendableFromCaptures -enable-upcoming-feature GlobalActorIsolatedTypesUsability -enable-upcoming-feature MemberImportVisibility -enable-upcoming-feature InferIsolatedConformances -enable-upcoming-feature NonisolatedNonsendingByDefault -enable-experimental-feature DebugDescriptionMacro -enable-bare-slash-regex -default-isolation\=MainActor -empty-abi-descriptor -validate-clang-modules-once -clang-build-session-file /Users/runner/Library/Developer/Xcode/DerivedData/ModuleCache.noindex/Session.modulevalidation -Xcc -working-directory -Xcc /Users/runner/work/ReDyned/ReDyned -file-compilation-dir /Users/runner/work/ReDyned/ReDyned -Xcc -ivfsstatcache -Xcc /Users/runner/Library/Developer/Xcode/DerivedData/SDKStatCaches.noindex/iphoneos26.2-23C57-b01ad014c8f9f09cda871bdb47ca757d.sdkstatcache -Xcc -I/Users/runner/Library/Developer/Xcode/DerivedData/ReDyne-fenbydhslujgruhhvktoupkovrpt/Build/Intermediates.noindex/ArchiveIntermediates/ReDyne/IntermediateBuildFilesPath/ReDyne.build/Release-iphoneos/ReDyne.build/swift-overrides.hmap -Xcc -iquote -Xcc /Users/runner/Library/Developer/Xcode/DerivedData/ReDyne-fenbydhslujgruhhvktoupkovrpt/Build/Intermediates.noindex/ArchiveIntermediates/ReDyne/IntermediateBuildFilesPath/ReDyne.build/Release-iphoneos/ReDyne.build/ReDyne-generated-files.hmap -Xcc -I/Users/runner/Library/Developer/Xcode/DerivedData/ReDyne-fenbydhslujgruhhvktoupkovrpt/Build/Intermediates.noindex/ArchiveIntermediates/ReDyne/IntermediateBuildFilesPath/ReDyne.build/Release-iphoneos/ReDyne.build/ReDyne-own-target-headers.hmap -Xcc -I/Users/runner/Library/Developer/Xcode/DerivedData/ReDyne-fenbydhslujgruhhvktoupkovrpt/Build/Intermediates.noindex/ArchiveIntermediates/ReDyne/IntermediateBuildFilesPath/ReDyne.build/Release-iphoneos/ReDyne.build/ReDyne-all-target-headers.hmap -Xcc -iquote -Xcc /Users/runner/Library/Developer/Xcode/DerivedData/ReDyne-fenbydhslujgruhhvktoupkovrpt/Build/Intermediates.noindex/ArchiveIntermediates/ReDyne/IntermediateBuildFilesPath/ReDyne.build/Release-iphoneos/ReDyne.build/ReDyne-project-headers.hmap -Xcc -I/Users/runner/Library/Developer/Xcode/DerivedData/ReDyne-fenbydhslujgruhhvktoupkovrpt/Build/Intermediates.noindex/ArchiveIntermediates/ReDyne/BuildProductsPath/Release-iphoneos/include -Xcc -I/Users/runner/Library/Developer/Xcode/DerivedData/ReDyne-fenbydhslujgruhhvktoupkovrpt/Build/Intermediates.noindex/ArchiveIntermediates/ReDyne/IntermediateBuildFilesPath/ReDyne.build/Release-iphoneos/ReDyne.build/DerivedSources-normal/arm64 -Xcc -I/Users/runner/Library/Developer/Xcode/DerivedData/ReDyne-fenbydhslujgruhhvktoupkovrpt/Build/Intermediates.noindex/ArchiveIntermediates/ReDyne/IntermediateBuildFilesPath/ReDyne.build/Release-iphoneos/ReDyne.build/DerivedSources/arm64 -Xcc -I/Users/runner/Library/Developer/Xcode/DerivedData/ReDyne-fenbydhslujgruhhvktoupkovrpt/Build/Intermediates.noindex/ArchiveIntermediates/ReDyne/IntermediateBuildFilesPath/ReDyne.build/Release-iphoneos/ReDyne.build/DerivedSources -import-objc-header /Users/runner/Library/Developer/Xcode/DerivedData/ReDyne-fenbydhslujgruhhvktoupkovrpt/Build/Intermediates.noindex/ArchiveIntermediates/ReDyne/IntermediateBuildFilesPath/ReDyne.build/Release-iphoneos/ReDyne.build/Objects-normal/arm64/ReDyne-primary-Bridging-header.pch -no-auto-bridging-header-chaining -module-name ReDyne -frontend-parseable-output -disable-clang-spi -target-sdk-version 26.2 -target-sdk-name iphoneos26.2 -clang-target arm64-apple-ios26.2 -in-process-plugin-server-path /Applications/Xcode_26.3_Release_Candidate_2.app/Contents/Developer/Toolchains/XcodeDefault.xctoolchain/usr/lib/swift/host/libSwiftInProcPluginServer.dylib -enable-default-cmo -num-threads 3 -o /Users/runner/Library/Developer/Xcode/DerivedData/ReDyne-fenbydhslujgruhhvktoupkovrpt/Build/Intermediates.noindex/ArchiveIntermediates/ReDyne/IntermediateBuildFilesPath/ReDyne.build/Release-iphoneos/ReDyne.build/Objects-normal/arm64/Array+SymbolAnalysis.o -o /Users/runner/Library/Developer/Xcode/DerivedData/ReDyne-fenbydhslujgruhhvktoupkovrpt/Build/Intermediates.noindex/ArchiveIntermediates/ReDyne/IntermediateBuildFilesPath/ReDyne.build/Release-iphoneos/ReDyne.build/Objects-normal/arm64/String+Disassembly.o -o /Users/runner/Library/Developer/Xcode/DerivedData/ReDyne-fenbydhslujgruhhvktoupkovrpt/Build/Intermediates.noindex/ArchiveIntermediates/ReDyne/IntermediateBuildFilesPath/ReDyne.build/Release-iphoneos/ReDyne.build/Objects-normal/arm64/UIViewController+Rename.o -o /Users/runner/Library/Developer/Xcode/DerivedData/ReDyne-fenbydhslujgruhhvktoupkovrpt/Build/Intermediates.noindex/ArchiveIntermediates/ReDyne/IntermediateBuildFilesPath/ReDyne.build/Release-iphoneos/ReDyne.build/Objects-normal/arm64/BinaryPatchModels.o -o /Users/runner/Library/Developer/Xcode/DerivedData/ReDyne-fenbydhslujgruhhvktoupkovrpt/Build/Intermediates.noindex/ArchiveIntermediates/ReDyne/IntermediateBuildFilesPath/ReDyne.build/Release-iphoneos/ReDyne.build/Objects-normal/arm64/CFGModels.o -o /Users/runner/Library/Developer/Xcode/DerivedData/ReDyne-fenbydhslujgruhhvktoupkovrpt/Build/Intermediates.noindex/ArchiveIntermediates/ReDyne/IntermediateBuildFilesPath/ReDyne.build/Release-iphoneos/ReDyne.build/Objects-normal/arm64/CodeSigningInfo.o -o /Users/runner/Library/Developer/Xcode/DerivedData/ReDyne-fenbydhslujgruhhvktoupkovrpt/Build/Intermediates.noindex/ArchiveIntermediates/ReDyne/IntermediateBuildFilesPath/ReDyne.build/Release-iphoneos/ReDyne.build/Objects-normal/arm64/CrossReference.o -o /Users/runner/Library/Developer/Xcode/DerivedData/ReDyne-fenbydhslujgruhhvktoupkovrpt/Build/Intermediates.noindex/ArchiveIntermediates/ReDyne/IntermediateBuildFilesPath/ReDyne.build/Release-iphoneos/ReDyne.build/Objects-normal/arm64/Dependency.o -o /Users/runner/Library/Developer/Xcode/DerivedData/ReDyne-fenbydhslujgruhhvktoupkovrpt/Build/Intermediates.noindex/ArchiveIntermediates/ReDyne/IntermediateBuildFilesPath/ReDyne.build/Release-iphoneos/ReDyne.build/Objects-normal/arm64/FunctionDatabase.o -o /Users/runner/Library/Developer/Xcode/DerivedData/ReDyne-fenbydhslujgruhhvktoupkovrpt/Build/Intermediates.noindex/ArchiveIntermediates/ReDyne/IntermediateBuildFilesPath/ReDyne.build/Release-iphoneos/ReDyne.build/Objects-normal/arm64/ImportExport.o -o /Users/runner/Library/Developer/Xcode/DerivedData/ReDyne-fenbydhslujgruhhvktoupkovrpt/Build/Intermediates.noindex/ArchiveIntermediates/ReDyne/IntermediateBuildFilesPath/ReDyne.build/Release-iphoneos/ReDyne.build/Objects-normal/arm64/ObjCRuntime.o -o /Users/runner/Library/Developer/Xcode/DerivedData/ReDyne-fenbydhslujgruhhvktoupkovrpt/Build/Intermediates.noindex/ArchiveIntermediates/ReDyne/IntermediateBuildFilesPath/ReDyne.build/Release-iphoneos/ReDyne.build/Objects-normal/arm64/SymbolInfo.o -o /Users/runner/Library/Developer/Xcode/DerivedData/ReDyne-fenbydhslujgruhhvktoupkovrpt/Build/Intermediates.noindex/ArchiveIntermediates/ReDyne/IntermediateBuildFilesPath/ReDyne.build/Release-iphoneos/ReDyne.build/Objects-normal/arm64/TypeReconstructionAnalyzer.o -o /Users/runner/Library/Developer/Xcode/DerivedData/ReDyne-fenbydhslujgruhhvktoupkovrpt/Build/Intermediates.noindex/ArchiveIntermediates/ReDyne/IntermediateBuildFilesPath/ReDyne.build/Release-iphoneos/ReDyne.build/Objects-normal/arm64/TypeReconstructionModels.o -o /Users/runner/Library/Developer/Xcode/DerivedData/ReDyne-fenbydhslujgruhhvktoupkovrpt/Build/Intermediates.noindex/ArchiveIntermediates/ReDyne/IntermediateBuildFilesPath/ReDyne.build/Release-iphoneos/ReDyne.build/Objects-normal/arm64/BinaryPatchEngine.o -o /Users/runner/Library/Developer/Xcode/DerivedData/ReDyne-fenbydhslujgruhhvktoupkovrpt/Build/Intermediates.noindex/ArchiveIntermediates/ReDyne/IntermediateBuildFilesPath/ReDyne.build/Release-iphoneos/ReDyne.build/Objects-normal/arm64/BinaryPatchService.o -o /Users/runner/Library/Developer/Xcode/DerivedData/ReDyne-fenbydhslujgruhhvktoupkovrpt/Build/Intermediates.noindex/ArchiveIntermediates/ReDyne/IntermediateBuildFilesPath/ReDyne.build/Release-iphoneos/ReDyne.build/Objects-normal/arm64/CFGAnalyzer.o -o /Users/runner/Library/Developer/Xcode/DerivedData/ReDyne-fenbydhslujgruhhvktoupkovrpt/Build/Intermediates.noindex/ArchiveIntermediates/ReDyne/IntermediateBuildFilesPath/ReDyne.build/Release-iphoneos/ReDyne.build/Objects-normal/arm64/CodeSignatureAnalyzer.o -o /Users/runner/Library/Developer/Xcode/DerivedData/ReDyne-fenbydhslujgruhhvktoupkovrpt/Build/Intermediates.noindex/ArchiveIntermediates/ReDyne/IntermediateBuildFilesPath/ReDyne.build/Release-iphoneos/ReDyne.build/Objects-normal/arm64/DecompilationCache.o -o /Users/runner/Library/Developer/Xcode/DerivedData/ReDyne-fenbydhslujgruhhvktoupkovrpt/Build/Intermediates.noindex/ArchiveIntermediates/ReDyne/IntermediateBuildFilesPath/ReDyne.build/Release-iphoneos/ReDyne.build/Objects-normal/arm64/ExportService.o -o /Users/runner/Library/Developer/Xcode/DerivedData/ReDyne-fenbydhslujgruhhvktoupkovrpt/Build/Intermediates.noindex/ArchiveIntermediates/ReDyne/IntermediateBuildFilesPath/ReDyne.build/Release-iphoneos/ReDyne.build/Objects-normal/arm64/FunctionNameImportService.o -o /Users/runner/Library/Developer/Xcode/DerivedData/ReDyne-fenbydhslujgruhhvktoupkovrpt/Build/Intermediates.noindex/ArchiveIntermediates/ReDyne/IntermediateBuildFilesPath/ReDyne.build/Release-iphoneos/ReDyne.build/Objects-normal/arm64/ImportExportAnalyzer.o -o /Users/runner/Library/Developer/Xcode/DerivedData/ReDyne-fenbydhslujgruhhvktoupkovrpt/Build/Intermediates.noindex/ArchiveIntermediates/ReDyne/IntermediateBuildFilesPath/ReDyne.build/Release-iphoneos/ReDyne.build/Objects-normal/arm64/ObjCAnalyzer.o -o /Users/runner/Library/Developer/Xcode/DerivedData/ReDyne-fenbydhslujgruhhvktoupkovrpt/Build/Intermediates.noindex/ArchiveIntermediates/ReDyne/IntermediateBuildFilesPath/ReDyne.build/Release-iphoneos/ReDyne.build/Objects-normal/arm64/PatchTemplateLibrary.o -o /Users/runner/Library/Developer/Xcode/DerivedData/ReDyne-fenbydhslujgruhhvktoupkovrpt/Build/Intermediates.noindex/ArchiveIntermediates/ReDyne/IntermediateBuildFilesPath/ReDyne.build/Release-iphoneos/ReDyne.build/Objects-normal/arm64/PseudocodeService.o -o /Users/runner/Library/Developer/Xcode/DerivedData/ReDyne-fenbydhslujgruhhvktoupkovrpt/Build/Intermediates.noindex/ArchiveIntermediates/ReDyne/IntermediateBuildFilesPath/ReDyne.build/Release-iphoneos/ReDyne.build/Objects-normal/arm64/SavedBinaryStorage.o -o /Users/runner/Library/Developer/Xcode/DerivedData/ReDyne-fenbydhslujgruhhvktoupkovrpt/Build/Intermediates.noindex/ArchiveIntermediates/ReDyne/IntermediateBuildFilesPath/ReDyne.build/Release-iphoneos/ReDyne.build/Objects-normal/arm64/XrefAnalyzer.o -o /Users/runner/Library/Developer/Xcode/DerivedData/ReDyne-fenbydhslujgruhhvktoupkovrpt/Build/Intermediates.noindex/ArchiveIntermediates/ReDyne/IntermediateBuildFilesPath/ReDyne.build/Release-iphoneos/ReDyne.build/Objects-normal/arm64/Constants.o -o /Users/runner/Library/Developer/Xcode/DerivedData/ReDyne-fenbydhslujgruhhvktoupkovrpt/Build/Intermediates.noindex/ArchiveIntermediates/ReDyne/IntermediateBuildFilesPath/ReDyne.build/Release-iphoneos/ReDyne.build/Objects-normal/arm64/EnhancedFilePicker-812ad2b0f7b5a789c88558cfebfe50ca.o -o /Users/runner/Library/Developer/Xcode/DerivedData/ReDyne-fenbydhslujgruhhvktoupkovrpt/Build/Intermediates.noindex/ArchiveIntermediates/ReDyne/IntermediateBuildFilesPath/ReDyne.build/Release-iphoneos/ReDyne.build/Objects-normal/arm64/ErrorHandler.o -o /Users/runner/Library/Developer/Xcode/DerivedData/ReDyne-fenbydhslujgruhhvktoupkovrpt/Build/Intermediates.noindex/ArchiveIntermediates/ReDyne/IntermediateBuildFilesPath/ReDyne.build/Release-iphoneos/ReDyne.build/Objects-normal/arm64/FilePickerHelper.o -o /Users/runner/Library/Developer/Xcode/DerivedData/ReDyne-fenbydhslujgruhhvktoupkovrpt/Build/Intermediates.noindex/ArchiveIntermediates/ReDyne/IntermediateBuildFilesPath/ReDyne.build/Release-iphoneos/ReDyne.build/Objects-normal/arm64/MachOUtilities.o -o /Users/runner/Library/Developer/Xcode/DerivedData/ReDyne-fenbydhslujgruhhvktoupkovrpt/Build/Intermediates.noindex/ArchiveIntermediates/ReDyne/IntermediateBuildFilesPath/ReDyne.build/Release-iphoneos/ReDyne.build/Objects-normal/arm64/AnalysisMenuViewController.o -o /Users/runner/Library/Developer/Xcode/DerivedData/ReDyne-fenbydhslujgruhhvktoupkovrpt/Build/Intermediates.noindex/ArchiveIntermediates/ReDyne/IntermediateBuildFilesPath/ReDyne.build/Release-iphoneos/ReDyne.build/Objects-normal/arm64/BinaryPatchDashboardViewController.o -o /Users/runner/Library/Developer/Xcode/DerivedData/ReDyne-fenbydhslujgruhhvktoupkovrpt/Build/Intermediates.noindex/ArchiveIntermediates/ReDyne/IntermediateBuildFilesPath/ReDyne.build/Release-iphoneos/ReDyne.build/Objects-normal/arm64/BinaryPatchDetailViewController.o -o /Users/runner/Library/Developer/Xcode/DerivedData/ReDyne-fenbydhslujgruhhvktoupkovrpt/Build/Intermediates.noindex/ArchiveIntermediates/ReDyne/IntermediateBuildFilesPath/ReDyne.build/Release-iphoneos/ReDyne.build/Objects-normal/arm64/BinaryPatchEditorViewController.o -o /Users/runner/Library/Developer/Xcode/DerivedData/ReDyne-fenbydhslujgruhhvktoupkovrpt/Build/Intermediates.noindex/ArchiveIntermediates/ReDyne/IntermediateBuildFilesPath/ReDyne.build/Release-iphoneos/ReDyne.build/Objects-normal/arm64/CFGViewController.o -o /Users/runner/Library/Developer/Xcode/DerivedData/ReDyne-fenbydhslujgruhhvktoupkovrpt/Build/Intermediates.noindex/ArchiveIntermediates/ReDyne/IntermediateBuildFilesPath/ReDyne.build/Release-iphoneos/ReDyne.build/Objects-normal/arm64/ClassDumpViewController.o -o /Users/runner/Library/Developer/Xcode/DerivedData/ReDyne-fenbydhslujgruhhvktoupkovrpt/Build/Intermediates.noindex/ArchiveIntermediates/ReDyne/IntermediateBuildFilesPath/ReDyne.build/Release-iphoneos/ReDyne.build/Objects-normal/arm64/CodeSignatureViewController.o -o /Users/runner/Library/Developer/Xcode/DerivedData/ReDyne-fenbydhslujgruhhvktoupkovrpt/Build/Intermediates.noindex/ArchiveIntermediates/ReDyne/IntermediateBuildFilesPath/ReDyne.build/Release-iphoneos/ReDyne.build/Objects-normal/arm64/DecompileViewController.o -o /Users/runner/Library/Developer/Xcode/DerivedData/ReDyne-fenbydhslujgruhhvktoupkovrpt/Build/Intermediates.noindex/ArchiveIntermediates/ReDyne/IntermediateBuildFilesPath/ReDyne.build/Release-iphoneos/ReDyne.build/Objects-normal/arm64/DependencyViewController.o -o /Users/runner/Library/Developer/Xcode/DerivedData/ReDyne-fenbydhslujgruhhvktoupkovrpt/Build/Intermediates.noindex/ArchiveIntermediates/ReDyne/IntermediateBuildFilesPath/ReDyne.build/Release-iphoneos/ReDyne.build/Objects-normal/arm64/DiffViewController.o -o /Users/runner/Library/Developer/Xcode/DerivedData/ReDyne-fenbydhslujgruhhvktoupkovrpt/Build/Intermediates.noindex/ArchiveIntermediates/ReDyne/IntermediateBuildFilesPath/ReDyne.build/Release-iphoneos/ReDyne.build/Objects-normal/arm64/FilePickerViewController.o -o /Users/runner/Library/Developer/Xcode/DerivedData/ReDyne-fenbydhslujgruhhvktoupkovrpt/Build/Intermediates.noindex/ArchiveIntermediates/ReDyne/IntermediateBuildFilesPath/ReDyne.build/Release-iphoneos/ReDyne.build/Objects-normal/arm64/HexViewerViewController.o -o /Users/runner/Library/Developer/Xcode/DerivedData/ReDyne-fenbydhslujgruhhvktoupkovrpt/Build/Intermediates.noindex/ArchiveIntermediates/ReDyne/IntermediateBuildFilesPath/ReDyne.build/Release-iphoneos/ReDyne.build/Objects-normal/arm64/ImportsExportsViewController.o -o /Users/runner/Library/Developer/Xcode/DerivedData/ReDyne-fenbydhslujgruhhvktoupkovrpt/Build/Intermediates.noindex/ArchiveIntermediates/ReDyne/IntermediateBuildFilesPath/ReDyne.build/Release-iphoneos/ReDyne.build/Objects-normal/arm64/MemoryMapViewController.o -o /Users/runner/Library/Developer/Xcode/DerivedData/ReDyne-fenbydhslujgruhhvktoupkovrpt/Build/Intermediates.noindex/ArchiveIntermediates/ReDyne/IntermediateBuildFilesPath/ReDyne.build/Release-iphoneos/ReDyne.build/Objects-normal/arm64/ObjCClassesViewController.o -o /Users/runner/Library/Developer/Xcode/DerivedData/ReDyne-fenbydhslujgruhhvktoupkovrpt/Build/Intermediates.noindex/ArchiveIntermediates/ReDyne/IntermediateBuildFilesPath/ReDyne.build/Release-iphoneos/ReDyne.build/Objects-normal/arm64/PatchTemplateBrowserViewController.o -o /Users/runner/Library/Developer/Xcode/DerivedData/ReDyne-fenbydhslujgruhhvktoupkovrpt/Build/Intermediates.noindex/ArchiveIntermediates/ReDyne/IntermediateBuildFilesPath/ReDyne.build/Release-iphoneos/ReDyne.build/Objects-normal/arm64/PatchTemplateDetailViewController.o -o /Users/runner/Library/Developer/Xcode/DerivedData/ReDyne-fenbydhslujgruhhvktoupkovrpt/Build/Intermediates.noindex/ArchiveIntermediates/ReDyne/IntermediateBuildFilesPath/ReDyne.build/Release-iphoneos/ReDyne.build/Objects-normal/arm64/PseudocodeViewController.o -o /Users/runner/Library/Developer/Xcode/DerivedData/ReDyne-fenbydhslujgruhhvktoupkovrpt/Build/Intermediates.noindex/ArchiveIntermediates/ReDyne/IntermediateBuildFilesPath/ReDyne.build/Release-iphoneos/ReDyne.build/Objects-normal/arm64/ResultsViewController.o -o /Users/runner/Library/Developer/Xcode/DerivedData/ReDyne-fenbydhslujgruhhvktoupkovrpt/Build/Intermediates.noindex/ArchiveIntermediates/ReDyne/IntermediateBuildFilesPath/ReDyne.build/Release-iphoneos/ReDyne.build/Objects-normal/arm64/TypeReconstructionViewController.o -o /Users/runner/Library/Developer/Xcode/DerivedData/ReDyne-fenbydhslujgruhhvktoupkovrpt/Build/Intermediates.noindex/ArchiveIntermediates/ReDyne/IntermediateBuildFilesPath/ReDyne.build/Release-iphoneos/ReDyne.build/Objects-normal/arm64/XrefsViewController.o -o /Users/runner/Library/Developer/Xcode/DerivedData/ReDyne-fenbydhslujgruhhvktoupkovrpt/Build/Intermediates.noindex/ArchiveIntermediates/ReDyne/IntermediateBuildFilesPath/ReDyne.build/Release-iphoneos/ReDyne.build/Objects-normal/arm64/DocumentPickerModifier.o -o /Users/runner/Library/Developer/Xcode/DerivedData/ReDyne-fenbydhslujgruhhvktoupkovrpt/Build/Intermediates.noindex/ArchiveIntermediates/ReDyne/IntermediateBuildFilesPath/ReDyne.build/Release-iphoneos/ReDyne.build/Objects-normal/arm64/MemoryMapView.o -o /Users/runner/Library/Developer/Xcode/DerivedData/ReDyne-fenbydhslujgruhhvktoupkovrpt/Build/Intermediates.noindex/ArchiveIntermediates/ReDyne/IntermediateBuildFilesPath/ReDyne.build/Release-iphoneos/ReDyne.build/Objects-normal/arm64/GeneratedAssetSymbols.o -index-unit-output-path /ReDyne.build/Release-iphoneos/ReDyne.build/Objects-normal/arm64/Array+SymbolAnalysis.o -index-unit-output-path /ReDyne.build/Release-iphoneos/ReDyne.build/Objects-normal/arm64/String+Disassembly.o -index-unit-output-path /ReDyne.build/Release-iphoneos/ReDyne.build/Objects-normal/arm64/UIViewController+Rename.o -index-unit-output-path /ReDyne.build/Release-iphoneos/ReDyne.build/Objects-normal/arm64/BinaryPatchModels.o -index-unit-output-path /ReDyne.build/Release-iphoneos/ReDyne.build/Objects-normal/arm64/CFGModels.o -index-unit-output-path /ReDyne.build/Release-iphoneos/ReDyne.build/Objects-normal/arm64/CodeSigningInfo.o -index-unit-output-path /ReDyne.build/Release-iphoneos/ReDyne.build/Objects-normal/arm64/CrossReference.o -index-unit-output-path /ReDyne.build/Release-iphoneos/ReDyne.build/Objects-normal/arm64/Dependency.o -index-unit-output-path /ReDyne.build/Release-iphoneos/ReDyne.build/Objects-normal/arm64/FunctionDatabase.o -index-unit-output-path /ReDyne.build/Release-iphoneos/ReDyne.build/Objects-normal/arm64/ImportExport.o -index-unit-output-path /ReDyne.build/Release-iphoneos/ReDyne.build/Objects-normal/arm64/ObjCRuntime.o -index-unit-output-path /ReDyne.build/Release-iphoneos/ReDyne.build/Objects-normal/arm64/SymbolInfo.o -index-unit-output-path /ReDyne.build/Release-iphoneos/ReDyne.build/Objects-normal/arm64/TypeReconstructionAnalyzer.o -index-unit-output-path /ReDyne.build/Release-iphoneos/ReDyne.build/Objects-normal/arm64/TypeReconstructionModels.o -index-unit-output-path /ReDyne.build/Release-iphoneos/ReDyne.build/Objects-normal/arm64/BinaryPatchEngine.o -index-unit-output-path /ReDyne.build/Release-iphoneos/ReDyne.build/Objects-normal/arm64/BinaryPatchService.o -index-unit-output-path /ReDyne.build/Release-iphoneos/ReDyne.build/Objects-normal/arm64/CFGAnalyzer.o -index-unit-output-path /ReDyne.build/Release-iphoneos/ReDyne.build/Objects-normal/arm64/CodeSignatureAnalyzer.o -index-unit-output-path /ReDyne.build/Release-iphoneos/ReDyne.build/Objects-normal/arm64/DecompilationCache.o -index-unit-output-path /ReDyne.build/Release-iphoneos/ReDyne.build/Objects-normal/arm64/ExportService.o -index-unit-output-path /ReDyne.build/Release-iphoneos/ReDyne.build/Objects-normal/arm64/FunctionNameImportService.o -index-unit-output-path /ReDyne.build/Release-iphoneos/ReDyne.build/Objects-normal/arm64/ImportExportAnalyzer.o -index-unit-output-path /ReDyne.build/Release-iphoneos/ReDyne.build/Objects-normal/arm64/ObjCAnalyzer.o -index-unit-output-path /ReDyne.build/Release-iphoneos/ReDyne.build/Objects-normal/arm64/PatchTemplateLibrary.o -index-unit-output-path /ReDyne.build/Release-iphoneos/ReDyne.build/Objects-normal/arm64/PseudocodeService.o -index-unit-output-path /ReDyne.build/Release-iphoneos/ReDyne.build/Objects-normal/arm64/SavedBinaryStorage.o -index-unit-output-path /ReDyne.build/Release-iphoneos/ReDyne.build/Objects-normal/arm64/XrefAnalyzer.o -index-unit-output-path /ReDyne.build/Release-iphoneos/ReDyne.build/Objects-normal/arm64/Constants.o -index-unit-output-path /ReDyne.build/Release-iphoneos/ReDyne.build/Objects-normal/arm64/EnhancedFilePicker-812ad2b0f7b5a789c88558cfebfe50ca.o -index-unit-output-path /ReDyne.build/Release-iphoneos/ReDyne.build/Objects-normal/arm64/ErrorHandler.o -index-unit-output-path /ReDyne.build/Release-iphoneos/ReDyne.build/Objects-normal/arm64/FilePickerHelper.o -index-unit-output-path /ReDyne.build/Release-iphoneos/ReDyne.build/Objects-normal/arm64/MachOUtilities.o -index-unit-output-path /ReDyne.build/Release-iphoneos/ReDyne.build/Objects-normal/arm64/AnalysisMenuViewController.o -index-unit-output-path /ReDyne.build/Release-iphoneos/ReDyne.build/Objects-normal/arm64/BinaryPatchDashboardViewController.o -index-unit-output-path /ReDyne.build/Release-iphoneos/ReDyne.build/Objects-normal/arm64/BinaryPatchDetailViewController.o -index-unit-output-path /ReDyne.build/Release-iphoneos/ReDyne.build/Objects-normal/arm64/BinaryPatchEditorViewController.o -index-unit-output-path /ReDyne.build/Release-iphoneos/ReDyne.build/Objects-normal/arm64/CFGViewController.o -index-unit-output-path /ReDyne.build/Release-iphoneos/ReDyne.build/Objects-normal/arm64/ClassDumpViewController.o -index-unit-output-path /ReDyne.build/Release-iphoneos/ReDyne.build/Objects-normal/arm64/CodeSignatureViewController.o -index-unit-output-path /ReDyne.build/Release-iphoneos/ReDyne.build/Objects-normal/arm64/DecompileViewController.o -index-unit-output-path /ReDyne.build/Release-iphoneos/ReDyne.build/Objects-normal/arm64/DependencyViewController.o -index-unit-output-path /ReDyne.build/Release-iphoneos/ReDyne.build/Objects-normal/arm64/DiffViewController.o -index-unit-output-path /ReDyne.build/Release-iphoneos/ReDyne.build/Objects-normal/arm64/FilePickerViewController.o -index-unit-output-path /ReDyne.build/Release-iphoneos/ReDyne.build/Objects-normal/arm64/HexViewerViewController.o -index-unit-output-path /ReDyne.build/Release-iphoneos/ReDyne.build/Objects-normal/arm64/ImportsExportsViewController.o -index-unit-output-path /ReDyne.build/Release-iphoneos/ReDyne.build/Objects-normal/arm64/MemoryMapViewController.o -index-unit-output-path /ReDyne.build/Release-iphoneos/ReDyne.build/Objects-normal/arm64/ObjCClassesViewController.o -index-unit-output-path /ReDyne.build/Release-iphoneos/ReDyne.build/Objects-normal/arm64/PatchTemplateBrowserViewController.o -index-unit-output-path /ReDyne.build/Release-iphoneos/ReDyne.build/Objects-normal/arm64/PatchTemplateDetailViewController.o -index-unit-output-path /ReDyne.build/Release-iphoneos/ReDyne.build/Objects-normal/arm64/PseudocodeViewController.o -index-unit-output-path /ReDyne.build/Release-iphoneos/ReDyne.build/Objects-normal/arm64/ResultsViewController.o -index-unit-output-path /ReDyne.build/Release-iphoneos/ReDyne.build/Objects-normal/arm64/TypeReconstructionViewController.o -index-unit-output-path /ReDyne.build/Release-iphoneos/ReDyne.build/Objects-normal/arm64/XrefsViewController.o -index-unit-output-path /ReDyne.build/Release-iphoneos/ReDyne.build/Objects-normal/arm64/DocumentPickerModifier.o -index-unit-output-path /ReDyne.build/Release-iphoneos/ReDyne.build/Objects-normal/arm64/MemoryMapView.o -index-unit-output-path /ReDyne.build/Release-iphoneos/ReDyne.build/Objects-normal/arm64/GeneratedAssetSymbols.o
2026-02-26T07:10:13.9118110Z 
2026-02-26T07:10:13.9118350Z CompileSwift normal arm64 (in target 'ReDyne' from project 'ReDyne')
2026-02-26T07:10:13.9118720Z     cd /Users/runner/work/ReDyned/ReDyned
2026-02-26T07:10:13.9118960Z     
2026-02-26T07:10:13.9119470Z /Users/runner/work/ReDyned/ReDyned/ReDyne/Utilities/Constants.swift:215:16: error: initializer for conditional binding must have Optional type, not 'UTType'
2026-02-26T07:10:13.9120080Z             if let exportedType = UTType(exportedAs: exportedIdentifier) {
2026-02-26T07:10:13.9120420Z                ^                  ~~~~~~~~~~~~~~~~~~~~~~~~~~~~~~~~~~~~~~
2026-02-26T07:10:13.9121120Z /Users/runner/work/ReDyned/ReDyned/ReDyne/Utilities/Constants.swift:218:16: error: initializer for conditional binding must have Optional type, not 'UTType'
2026-02-26T07:10:13.9121740Z             if let importedType = UTType(importedAs: exportedIdentifier) {
2026-02-26T07:10:13.9122040Z                ^                  ~~~~~~~~~~~~~~~~~~~~~~~~~~~~~~~~~~~~~~
2026-02-26T07:10:13.9122460Z /Users/runner/work/ReDyned/ReDyned/ReDyne/Utilities/ErrorHandler.swift:156:39: error: cannot find 'userInfo' in scope
2026-02-26T07:10:13.9122930Z                 print("   UserInfo: \(userInfo)")
2026-02-26T07:10:13.9123190Z                                       ^~~~~~~~
2026-02-26T07:10:13.9123370Z 
2026-02-26T07:10:13.9123480Z ** ARCHIVE FAILED **
2026-02-26T07:10:13.9123630Z 
2026-02-26T07:10:13.9123630Z 
2026-02-26T07:10:13.9123740Z The following build commands failed:
2026-02-26T07:10:13.9211020Z 	SwiftCompile normal arm64 Compiling\ Array+SymbolAnalysis.swift,\ String+Disassembly.swift,\ UIViewController+Rename.swift,\ BinaryPatchModels.swift,\ CFGModels.swift,\ CodeSigningInfo.swift,\ CrossReference.swift,\ Dependency.swift,\ FunctionDatabase.swift,\ ImportExport.swift,\ ObjCRuntime.swift,\ SymbolInfo.swift,\ TypeReconstructionAnalyzer.swift,\ TypeReconstructionModels.swift,\ BinaryPatchEngine.swift,\ BinaryPatchService.swift,\ CFGAnalyzer.swift,\ CodeSignatureAnalyzer.swift,\ DecompilationCache.swift,\ ExportService.swift,\ FunctionNameImportService.swift,\ ImportExportAnalyzer.swift,\ ObjCAnalyzer.swift,\ PatchTemplateLibrary.swift,\ PseudocodeService.swift,\ SavedBinaryStorage.swift,\ XrefAnalyzer.swift,\ Constants.swift,\ EnhancedFilePicker.swift,\ ErrorHandler.swift,\ FilePickerHelper.swift,\ MachOUtilities.swift,\ AnalysisMenuViewController.swift,\ BinaryPatchDashboardViewController.swift,\ BinaryPatchDetailViewController.swift,\ BinaryPatchEditorViewController.swift,\ CFGViewController.swift,\ ClassDumpViewController.swift,\ CodeSignatureViewController.swift,\ DecompileViewController.swift,\ DependencyViewController.swift,\ DiffViewController.swift,\ FilePickerViewController.swift,\ HexViewerViewController.swift,\ ImportsExportsViewController.swift,\ MemoryMapViewController.swift,\ ObjCClassesViewController.swift,\ PatchTemplateBrowserViewController.swift,\ PatchTemplateDetailViewController.swift,\ PseudocodeViewController.swift,\ ResultsViewController.swift,\ TypeReconstructionViewController.swift,\ XrefsViewController.swift,\ DocumentPickerModifier.swift,\ MemoryMapView.swift,\ GeneratedAssetSymbols.swift /Users/runner/work/ReDyned/ReDyned/ReDyne/Extensions/Array+SymbolAnalysis.swift /Users/runner/work/ReDyned/ReDyned/ReDyne/Extensions/String+Disassembly.swift /Users/runner/work/ReDyned/ReDyned/ReDyne/Extensions/UIViewController+Rename.swift /Users/runner/work/ReDyned/ReDyned/ReDyne/Models/BinaryPatchModels.swift /Users/runner/work/ReDyned/ReDyned/ReDyne/Models/CFGModels.swift /Users/runner/work/ReDyned/ReDyned/ReDyne/Models/CodeSigningInfo.swift /Users/runner/work/ReDyned/ReDyned/ReDyne/Models/CrossReference.swift /Users/runner/work/ReDyned/ReDyned/ReDyne/Models/Dependency.swift /Users/runner/work/ReDyned/ReDyned/ReDyne/Models/FunctionDatabase.swift /Users/runner/work/ReDyned/ReDyned/ReDyne/Models/ImportExport.swift /Users/runner/work/ReDyned/ReDyned/ReDyne/Models/ObjCRuntime.swift /Users/runner/work/ReDyned/ReDyned/ReDyne/Models/SymbolInfo.swift /Users/runner/work/ReDyned/ReDyned/ReDyne/Models/TypeReconstructionAnalyzer.swift /Users/runner/work/ReDyned/ReDyned/ReDyne/Models/TypeReconstructionModels.swift /Users/runner/work/ReDyned/ReDyned/ReDyne/Services/BinaryPatchEngine.swift /Users/runner/work/ReDyned/ReDyned/ReDyne/Services/BinaryPatchService.swift /Users/runner/work/ReDyned/ReDyned/ReDyne/Services/CFGAnalyzer.swift /Users/runner/work/ReDyned/ReDyned/ReDyne/Services/CodeSignatureAnalyzer.swift /Users/runner/work/ReDyned/ReDyned/ReDyne/Services/DecompilationCache.swift /Users/runner/work/ReDyned/ReDyned/ReDyne/Services/ExportService.swift /Users/runner/work/ReDyned/ReDyned/ReDyne/Services/FunctionNameImportService.swift /Users/runner/work/ReDyned/ReDyned/ReDyne/Services/ImportExportAnalyzer.swift /Users/runner/work/ReDyned/ReDyned/ReDyne/Services/ObjCAnalyzer.swift /Users/runner/work/ReDyned/ReDyned/ReDyne/Services/PatchTemplateLibrary.swift /Users/runner/work/ReDyned/ReDyned/ReDyne/Services/PseudocodeService.swift /Users/runner/work/ReDyned/ReDyned/ReDyne/Services/SavedBinaryStorage.swift /Users/runner/work/ReDyned/ReDyned/ReDyne/Services/XrefAnalyzer.swift /Users/runner/work/ReDyned/ReDyned/ReDyne/Utilities/Constants.swift /Users/runner/work/ReDyned/ReDyned/ReDyne/Utilities/EnhancedFilePicker.swift /Users/runner/work/ReDyned/ReDyned/ReDyne/Utilities/ErrorHandler.swift /Users/runner/work/ReDyned/ReDyned/ReDyne/Utilities/FilePickerHelper.swift /Users/runner/work/ReDyned/ReDyned/ReDyne/Utilities/MachOUtilities.swift /Users/runner/work/ReDyned/ReDyned/ReDyne/ViewControllers/AnalysisMenuViewController.swift /Users/runner/work/ReDyned/ReDyned/ReDyne/ViewControllers/BinaryPatchDashboardViewController.swift /Users/runner/work/ReDyned/ReDyned/ReDyne/ViewControllers/BinaryPatchDetailViewController.swift /Users/runner/work/ReDyned/ReDyned/ReDyne/ViewControllers/BinaryPatchEditorViewController.swift /Users/runner/work/ReDyned/ReDyned/ReDyne/ViewControllers/CFGViewController.swift /Users/runner/work/ReDyned/ReDyned/ReDyne/ViewControllers/ClassDumpViewController.swift /Users/runner/work/ReDyned/ReDyned/ReDyne/ViewControllers/CodeSignatureViewController.swift /Users/runner/work/ReDyned/ReDyned/ReDyne/ViewControllers/DecompileViewController.swift /Users/runner/work/ReDyned/ReDyned/ReDyne/ViewControllers/DependencyViewController.swift /Users/runner/work/ReDyned/ReDyned/ReDyne/ViewControllers/DiffViewController.swift /Users/runner/work/ReDyned/ReDyned/ReDyne/ViewControllers/FilePickerViewController.swift /Users/runner/work/ReDyned/ReDyned/ReDyne/ViewControllers/HexViewerViewController.swift /Users/runner/work/ReDyned/ReDyned/ReDyne/ViewControllers/ImportsExportsViewController.swift /Users/runner/work/ReDyned/ReDyned/ReDyne/ViewControllers/MemoryMapViewController.swift /Users/runner/work/ReDyned/ReDyned/ReDyne/ViewControllers/ObjCClassesViewController.swift /Users/runner/work/ReDyned/ReDyned/ReDyne/ViewControllers/PatchTemplateBrowserViewController.swift /Users/runner/work/ReDyned/ReDyned/ReDyne/ViewControllers/PatchTemplateDetailViewController.swift /Users/runner/work/ReDyned/ReDyned/ReDyne/ViewControllers/PseudocodeViewController.swift /Users/runner/work/ReDyned/ReDyned/ReDyne/ViewControllers/ResultsViewController.swift /Users/runner/work/ReDyned/ReDyned/ReDyne/ViewControllers/TypeReconstructionViewController.swift /Users/runner/work/ReDyned/ReDyned/ReDyne/ViewControllers/XrefsViewController.swift /Users/runner/work/ReDyned/ReDyned/ReDyne/Views/DocumentPickerModifier.swift /Users/runner/work/ReDyned/ReDyned/ReDyne/Views/MemoryMapView.swift /Users/runner/Library/Developer/Xcode/DerivedData/ReDyne-fenbydhslujgruhhvktoupkovrpt/Build/Intermediates.noindex/ArchiveIntermediates/ReDyne/IntermediateBuildFilesPath/ReDyne.build/Release-iphoneos/ReDyne.build/DerivedSources/GeneratedAssetSymbols.swift /Applications/Xcode_26.3_Release_Candidate_2.app/Contents/Developer/Toolchains/XcodeDefault.xctoolchain/usr/lib/swift/iphoneos/prebuilt-modules/26.2/SwiftUICore.swiftmodule/arm64e-apple-ios.swiftmodule /Applications/Xcode_26.3_Release_Candidate_2.app/Contents/Developer/Toolchains/XcodeDefault.xctoolchain/usr/lib/swift/iphoneos/prebuilt-modules/26.2/_StringProcessing.swiftmodule/arm64e-apple-ios.swiftmodule /Applications/Xcode_26.3_Release_Candidate_2.app/Contents/Developer/Toolchains/XcodeDefault.xctoolchain/usr/lib/swift/iphoneos/prebuilt-modules/26.2/_DarwinFoundation3.swiftmodule/arm64e-apple-ios.swiftmodule /Applications/Xcode_26.3_Release_Candidate_2.app/Contents/Developer/Toolchains/XcodeDefault.xctoolchain/usr/lib/swift/iphoneos/prebuilt-modules/26.2/Symbols.swiftmodule/arm64e-apple-ios.swiftmodule /Applications/Xcode_26.3_Release_Candidate_2.app/Contents/Developer/Toolchains/XcodeDefault.xctoolchain/usr/lib/swift/iphoneos/prebuilt-modules/26.2/CoreGraphics.swiftmodule/arm64e-apple-ios.swiftmodule /Applications/Xcode_26.3_Release_Candidate_2.app/Contents/Developer/Toolchains/XcodeDefault.xctoolchain/usr/lib/swift/iphoneos/prebuilt-modules/26.2/CoreFoundation.swiftmodule/arm64e-apple-ios.swiftmodule /Applications/Xcode_26.3_Release_Candidate_2.app/Contents/Developer/Toolchains/XcodeDefault.xctoolchain/usr/lib/swift/iphoneos/prebuilt-modules/26.2/SwiftUI.swiftmodule/arm64e-apple-ios.swiftmodule /Applications/Xcode_26.3_Release_Candidate_2.app/Contents/Developer/Toolchains/XcodeDefault.xctoolchain/usr/lib/swift/iphoneos/prebuilt-modules/26.2/UIKit.swiftmodule/arm64e-apple-ios.swiftmodule /Applications/Xcode_26.3_Release_Candidate_2.app/Contents/Developer/Toolchains/XcodeDefault.xctoolchain/usr/lib/swift/iphoneos/prebuilt-modules/26.2/Spatial.swiftmodule/arm64e-apple-ios.swiftmodule /Applications/Xcode_26.3_Release_Candidate_2.app/Contents/Developer/Toolchains/XcodeDefault.xctoolchain/usr/lib/swift/iphoneos/prebuilt-modules/26.2/Swift.swiftmodule/arm64e-apple-ios.swiftmodule /Applications/Xcode_26.3_Release_Candidate_2.app/Contents/Developer/Toolchains/XcodeDefault.xctoolchain/usr/lib/swift/iphoneos/prebuilt-modules/26.2/Combine.swiftmodule/arm64e-apple-ios.swiftmodule /Applications/Xcode_26.3_Release_Candidate_2.app/Contents/Developer/Toolchains/XcodeDefault.xctoolchain/usr/lib/swift/iphoneos/prebuilt-modules/26.2/Foundation.swiftmodule/arm64e-apple-ios.swiftmodule /Applications/Xcode_26.3_Release_Candidate_2.app/Contents/Developer/Toolchains/XcodeDefault.xctoolchain/usr/lib/swift/iphoneos/prebuilt-modules/26.2/OSLog.swiftmodule/arm64e-apple-ios.swiftmodule /Applications/Xcode_26.3_Release_Candidate_2.app/Contents/Developer/Toolchains/XcodeDefault.xctoolchain/usr/lib/swift/iphoneos/prebuilt-modules/26.2/UniformTypeIdentifiers.swiftmodule/arm64e-apple-ios.swiftmodule /Applications/Xcode_26.3_Release_Candidate_2.app/Contents/Developer/Toolchains/XcodeDefault.xctoolchain/usr/lib/swift/iphoneos/prebuilt-modules/26.2/CoreImage.swiftmodule/arm64e-apple-ios.swiftmodule /Applications/Xcode_26.3_Release_Candidate_2.app/Contents/Developer/Toolchains/XcodeDefault.xctoolchain/usr/lib/swift/iphoneos/prebuilt-modules/26.2/simd.swiftmodule/arm64e-apple-ios.swiftmodule /Applications/Xcode_26.3_Release_Candidate_2.app/Contents/Developer/Toolchains/XcodeDefault.xctoolchain/usr/lib/swift/iphoneos/prebuilt-modules/26.2/CoreData.swiftmodule/arm64e-apple-ios.swiftmodule /Applications/Xcode_26.3_Release_Candidate_2.app/Contents/Developer/Toolchains/XcodeDefault.xctoolchain/usr/lib/swift/iphoneos/prebuilt-modules/26.2/CoreText.swiftmodule/arm64e-apple-ios.swiftmodule /Applications/Xcode_26.3_Release_Candidate_2.app/Contents/Developer/Toolchains/XcodeDefault.xctoolchain/usr/lib/swift/iphoneos/prebuilt-modules/26.2/_DarwinFoundation1.swiftmodule/arm64e-apple-ios.swiftmodule /Applications/Xcode_26.3_Release_Candidate_2.app/Contents/Developer/Toolchains/XcodeDefault.xctoolchain/usr/lib/swift/iphoneos/prebuilt-modules/26.2/ObjectiveC.swiftmodule/arm64e-apple-ios.swiftmodule /Applications/Xcode_26.3_Release_Candidate_2.app/Contents/Developer/Toolchains/XcodeDefault.xctoolchain/usr/lib/swift/iphoneos/prebuilt-modules/26.2/_Concurrency.swiftmodule/arm64e-apple-ios.swiftmodule /Applications/Xcode_26.3_Release_Candidate_2.app/Contents/Developer/Toolchains/XcodeDefault.xctoolchain/usr/lib/swift/iphoneos/prebuilt-modules/26.2/DeveloperToolsSupport.swiftmodule/arm64e-apple-ios.swiftmodule /Applications/Xcode_26.3_Release_Candidate_2.app/Contents/Developer/Toolchains/XcodeDefault.xctoolchain/usr/lib/swift/iphoneos/prebuilt-modules/26.2/_DarwinFoundation2.swiftmodule/arm64e-apple-ios.swiftmodule /Applications/Xcode_26.3_Release_Candidate_2.app/Contents/Developer/Toolchains/XcodeDefault.xctoolchain/usr/lib/swift/iphoneos/prebuilt-modules/26.2/Dispatch.swiftmodule/arm64e-apple-ios.swiftmodule /Applications/Xcode_26.3_Release_Candidate_2.app/Contents/Developer/Toolchains/XcodeDefault.xctoolchain/usr/lib/swift/iphoneos/prebuilt-modules/26.2/os.swiftmodule/arm64e-apple-ios.swiftmodule /Applications/Xcode_26.3_Release_Candidate_2.app/Contents/Developer/Toolchains/XcodeDefault.xctoolchain/usr/lib/swift/iphoneos/prebuilt-modules/26.2/CoreTransferable.swiftmodule/arm64e-apple-ios.swiftmodule /Applications/Xcode_26.3_Release_Candidate_2.app/Contents/Developer/Toolchains/XcodeDefault.xctoolchain/usr/lib/swift/iphoneos/prebuilt-modules/26.2/Observation.swiftmodule/arm64e-apple-ios.swiftmodule /Applications/Xcode_26.3_Release_Candidate_2.app/Contents/Developer/Toolchains/XcodeDefault.xctoolchain/usr/lib/swift/iphoneos/prebuilt-modules/26.2/FileProvider.swiftmodule/arm64e-apple-ios.swiftmodule /Applications/Xcode_26.3_Release_Candidate_2.app/Contents/Developer/Toolchains/XcodeDefault.xctoolchain/usr/lib/swift/iphoneos/prebuilt-modules/26.2/CoreVideo.swiftmodule/arm64e-apple-ios.swiftmodule /Applications/Xcode_26.3_Release_Candidate_2.app/Contents/Developer/Toolchains/XcodeDefault.xctoolchain/usr/lib/swift/iphoneos/prebuilt-modules/26.2/System.swiftmodule/arm64e-apple-ios.swiftmodule /Applications/Xcode_26.3_Release_Candidate_2.app/Contents/Developer/Toolchains/XcodeDefault.xctoolchain/usr/lib/swift/iphoneos/prebuilt-modules/26.2/QuartzCore.swiftmodule/arm64e-apple-ios.swiftmodule /Applications/Xcode_26.3_Release_Candidate_2.app/Contents/Developer/Toolchains/XcodeDefault.xctoolchain/usr/lib/swift/iphoneos/prebuilt-modules/26.2/Darwin.swiftmodule/arm64e-apple-ios.swiftmodule /Applications/Xcode_26.3_Release_Candidate_2.app/Contents/Developer/Toolchains/XcodeDefault.xctoolchain/usr/lib/swift/iphoneos/prebuilt-modules/26.2/DataDetection.swiftmodule/arm64e-apple-ios.swiftmodule /Applications/Xcode_26.3_Release_Candidate_2.app/Contents/Developer/Toolchains/XcodeDefault.xctoolchain/usr/lib/swift/iphoneos/prebuilt-modules/26.2/_Builtin_float.swiftmodule/arm64e-apple-ios.swiftmodule /Applications/Xcode_26.3_Release_Candidate_2.app/Contents/Developer/Toolchains/XcodeDefault.xctoolchain/usr/lib/swift/iphoneos/prebuilt-modules/26.2/Metal.swiftmodule/arm64e-apple-ios.swiftmodule /Applications/Xcode_26.3_Release_Candidate_2.app/Contents/Developer/Toolchains/XcodeDefault.xctoolchain/usr/lib/swift/iphoneos/prebuilt-modules/26.2/Accessibility.swiftmodule/arm64e-apple-ios.swiftmodule /Applications/Xcode_26.3_Release_Candidate_2.app/Contents/Developer/Toolchains/XcodeDefault.xctoolchain/usr/lib/swift/iphoneos/prebuilt-modules/26.2/XPC.swiftmodule/arm64e-apple-ios.swiftmodule /Users/runner/Library/Developer/Xcode/DerivedData/ModuleCache.noindex/ptrauth-CRH8GSUZW32A3E583OT05KE74.pcm /Users/runner/Library/Developer/Xcode/DerivedData/ModuleCache.noindex/ObjectiveC-4V9ONYFLNFEOMS3ZYNGTNCETC.pcm /Users/runner/Library/Developer/Xcode/DerivedData/ModuleCache.noindex/CoreGraphics-290GO085OFPWGU2IV9M0J0OUX.pcm /Users/runner/Library/Developer/Xcode/DerivedData/ModuleCache.noindex/_AvailabilityInternal-9NHY1UX5B29LASQR0EG46PCZ4.pcm /Users/runner/Library/Developer/Xcode/DerivedData/ModuleCache.noindex/Symbols-97U3O0E19UZGWXTYI1ZF4L7T6.pcm /Users/runner/Library/Developer/Xcode/DerivedData/ModuleCache.noindex/CoreVideo-3100A6HWP6LY7237ZS4RKGSY1.pcm /Users/runner/Library/Developer/Xcode/DerivedData/ModuleCache.noindex/Foundation-8PX8V69DPM0056ZVUAY6ZATXP.pcm /Users/runner/Library/Developer/Xcode/DerivedData/ModuleCache.noindex/CFNetwork-A5INXGLQSGAKLZMK8ZZJNJOM9.pcm /Users/runner/Library/Developer/Xcode/DerivedData/ModuleCache.noindex/MachO-D9JKE8FMIHPKKO0VG3LLL4IDU.pcm /Users/runner/Library/Developer/Xcode/DerivedData/ModuleCache.noindex/_Builtin_limits-A3TG3XOV2ICK500KTYO0856WY.pcm /Users/runner/Library/Developer/Xcode/DerivedData/ModuleCache.noindex/FileProvider-B7BF71SGE1CMLUKGQHLKKRQ1K.pcm /Users/runner/Library/Developer/Xcode/DerivedData/ModuleCache.noindex/CoreText-XP7RNABYCM76Z37VF19TLRPH.pcm /Users/runner/Library/Developer/Xcode/DerivedData/ModuleCache.noindex/OSLog-ATPEI69UBJ5GENFKK9W36N808.pcm /Users/runner/Library/Developer/Xcode/DerivedData/ModuleCache.noindex/CommonCrypto-8Y4484YLS16QFS5I6BWOV5V2V.pcm /Users/runner/Library/Developer/Xcode/DerivedData/ModuleCache.noindex/os-3A91NR1ELP8SC08OB882DMQDA.pcm /Users/runner/Library/Developer/Xcode/DerivedData/ModuleCache.noindex/sys_types-5TICLPXZRYXZJYJR6K8Y494HU.pcm /Users/runner/Library/Developer/Xcode/DerivedData/ModuleCache.noindex/CoreImage-7UJ1CAMLC0BS4W03GEDUEMULU.pcm /Users/runner/Library/Developer/Xcode/DerivedData/ModuleCache.noindex/Accessibility-4OLCRQFGZWYNOBWKQ6U0OT3FY.pcm /Users/runner/Library/Developer/Xcode/DerivedData/ModuleCache.noindex/DeveloperToolsSupport-69C6ZW40R9PF9LT5OE8J4F70L.pcm /Users/runner/Library/Developer/Xcode/DerivedData/ModuleCache.noindex/_DarwinFoundation3-5BQ4MZ0G1EA9AVWJKMT1R9D8T.pcm /Users/runner/Library/Developer/Xcode/DerivedData/ModuleCache.noindex/_Builtin_stdbool-BDH4JGLCB3QI0UMHTDR79PGI1.pcm /Users/runner/Library/Developer/Xcode/DerivedData/ModuleCache.noindex/SwiftShims-1NCLPXNXR25MTWH7HHKGI3C9R.pcm /Users/runner/Library/Developer/Xcode/DerivedData/ModuleCache.noindex/SwiftUICore-B32SBAK1V4QE0RYLX6HH0GC3G.pcm /Users/runner/Library/Developer/Xcode/DerivedData/ModuleCache.noindex/IOSurface-9KY06EOD17G9IFHHXR9RGNAFZ.pcm /Users/runner/Library/Developer/Xcode/DerivedData/ModuleCache.noindex/_DarwinFoundation1-C4JRRM2UANY2QZYD83LT8L73U.pcm /Users/runner/Library/Developer/Xcode/DerivedData/ModuleCache.noindex/simd-CZXFXGQ2YNNNH3QNVCURIVDCA.pcm /Users/runner/Library/Developer/Xcode/DerivedData/ModuleCache.noindex/_Builtin_stddef-5QHQY652KXO1PPP8SNYL86OVS.pcm /Users/runner/Library/Developer/Xcode/DerivedData/ModuleCache.noindex/_DarwinFoundation2-4IEL6Y832K1JIFU2EUPFYSDDH.pcm /Users/runner/Library/Developer/Xcode/DerivedData/ModuleCache.noindex/UniformTypeIdentifiers-5V25YQ7PLZXLX39YJZ67WOOY3.pcm /Users/runner/Library/Developer/Xcode/DerivedData/ModuleCache.noindex/OpenGLES-CAQWNC0KIEHSY3G7WBZIAKYR7.pcm /Users/runner/Library/Developer/Xcode/DerivedData/ModuleCache.noindex/_Builtin_stdarg-CNYOL4I0NT8VW86CJ0ICYFOYI.pcm /Users/runner/Library/Developer/Xcode/DerivedData/ModuleCache.noindex/CoreData-3A13P7V2H4O2V8X5F2C0AF6B.pcm /Users/runner/Library/Developer/Xcode/DerivedData/ModuleCache.noindex/UIUtilities-JNVNT8DWZDOTAWFNEM6CBEBB.pcm /Users/runner/Library/Developer/Xcode/DerivedData/ModuleCache.noindex/_Builtin_stdint-VRIPBXQXA87S3V2GK3PXCNWA.pcm /Users/runner/Library/Developer/Xcode/DerivedData/ModuleCache.noindex/_Builtin_intrinsics-7YY42X537JR1CNX8VNIIZIEND.pcm /Users/runner/Library/Developer/Xcode/DerivedData/ModuleCache.noindex/os_object-F157AYE5L4E35S31ASWEZWNNI.pcm /Users/runner/Library/Developer/Xcode/DerivedData/ModuleCache.noindex/Darwin-13H10LN425CZIJOLEJ2C0L61F.pcm /Users/runner/Library/Developer/Xcode/DerivedData/ModuleCache.noindex/ImageIO-99KYB9MVUZY4V2YZZ9DJ4XGDF.pcm /Users/runner/Library/Developer/Xcode/DerivedData/ModuleCache.noindex/_Builtin_inttypes-RF6PZJRBLGWWNA7WEMMWU15B.pcm /Users/runner/Library/Developer/Xcode/DerivedData/ModuleCache.noindex/XPC-8KID77LQI5VGVKZR43ZUXWIC6.pcm /Users/runner/Library/Developer/Xcode/DerivedData/ModuleCache.noindex/Metal-4RC25E99TYBQR7IHZ5EWKNXNB.pcm /Users/runner/Library/Developer/Xcode/DerivedData/ModuleCache.noindex/DataDetection-BQWMYVP4UZF4FHVJ478LNA0OW.pcm /Users/runner/Library/Developer/Xcode/DerivedData/ModuleCache.noindex/SwiftUI-D7S9Z7RG5TBY3CUGGRPL7HI48.pcm /Users/runner/Library/Developer/Xcode/DerivedData/ModuleCache.noindex/Security-1VWSQVZIGVBYUFJX5UMCBECGL.pcm /Users/runner/Library/Developer/Xcode/DerivedData/ModuleCache.noindex/_Builtin_tgmath-7L9B7YWFG3238ZY78IBXVB1BC.pcm /Users/runner/Library/Developer/Xcode/DerivedData/ModuleCache.noindex/UIKit-679I6GFUIE4X2K41ZWOLFBQLT.pcm /Users/runner/Library/Developer/Xcode/DerivedData/ModuleCache.noindex/CoreTransferable-26LEPYIDHTW30KFA6PJJRKLF7.pcm /Users/runner/Library/Developer/Xcode/DerivedData/ModuleCache.noindex/ptrcheck-A35R70ROAZ14S1O8Y3395JN1O.pcm /Users/runner/Library/Developer/Xcode/DerivedData/ModuleCache.noindex/UserNotifications-B2KVWWF7IT2BL7WIBMR38LHRP.pcm /Users/runner/Library/Developer/Xcode/DerivedData/ModuleCache.noindex/os_workgroup-3FRJ0Z7JK2FOXQ9ZIQNMCNB3.pcm /Users/runner/Library/Developer/Xcode/DerivedData/ModuleCache.noindex/QuartzCore-8DVCVN3S6U4IGB62401N2P0B5.pcm /Users/runner/Library/Developer/Xcode/DerivedData/ModuleCache.noindex/_Builtin_stdatomic-BIH06J7V4UU2IAM468F35AO1U.pcm /Users/runner/Library/Developer/Xcode/DerivedData/ModuleCache.noindex/_SwiftConcurrencyShims-CYMRE9TTJSNC6CJCMAS2BJOPB.pcm /Users/runner/Library/Developer/Xcode/DerivedData/ModuleCache.noindex/Dispatch-D1RC6JZWHMBU1MD5FB1VRISMS.pcm /Users/runner/Library/Developer/Xcode/DerivedData/ModuleCache.noindex/CoreFoundation-F0A79WTX34NK2SILI0J819YLD.pcm /Users/runner/Library/Developer/Xcode/DerivedData/ModuleCache.noindex/Spatial-KUG5NGFSE9T04Z5AQM53U9VE.pcm /Users/runner/Library/Developer/Xcode/DerivedData/ModuleCache.noindex/_Builtin_float-CZ4IZV8N0WTUPB1OFS490TVST.pcm /Users/runner/Library/Developer/Xcode/DerivedData/ReDyne-fenbydhslujgruhhvktoupkovrpt/Build/Intermediates.noindex/ArchiveIntermediates/ReDyne/IntermediateBuildFilesPath/ReDyne.build/Release-iphoneos/ReDyne.build/Objects-normal/arm64/ReDyne-dependencies-1.json /Users/runner/Library/Developer/Xcode/DerivedData/ReDyne-fenbydhslujgruhhvktoupkovrpt/Build/Intermediates.noindex/ArchiveIntermediates/ReDyne/IntermediateBuildFilesPath/ReDyne.build/Release-iphoneos/ReDyne.build/Objects-normal/arm64/ReDyne-primary-Bridging-header.pch (in target 'ReDyne' from project 'ReDyne')
2026-02-26T07:10:13.9296000Z 	CompileSwift normal arm64 (in target 'ReDyne' from project 'ReDyne')
2026-02-26T07:10:13.9296310Z 	Archiving project ReDyne with scheme ReDyne
2026-02-26T07:10:13.9296580Z (3 failures)
2026-02-26T07:10:13.9325720Z ##[error]Process completed with exit code 65.
2026-02-26T07:10:13.9590950Z Post job cleanup.
2026-02-26T07:10:14.4507360Z [command]/opt/homebrew/bin/git version
2026-02-26T07:10:14.4850220Z git version 2.53.0
2026-02-26T07:10:14.5055760Z Copying '/Users/runner/.gitconfig' to '/Users/runner/work/_temp/c7629f7d-9225-4dcc-a85f-7c7d2241b572/.gitconfig'
2026-02-26T07:10:14.5058000Z Temporarily overriding HOME='/Users/runner/work/_temp/c7629f7d-9225-4dcc-a85f-7c7d2241b572' before making global git config changes
2026-02-26T07:10:14.5059140Z Adding repository directory to the temporary git global config as a safe directory
2026-02-26T07:10:14.5059690Z [command]/opt/homebrew/bin/git config --global --add safe.directory /Users/runner/work/ReDyned/ReDyned
2026-02-26T07:10:14.5227310Z [command]/opt/homebrew/bin/git config --local --name-only --get-regexp core\.sshCommand
2026-02-26T07:10:14.5383180Z [command]/opt/homebrew/bin/git submodule foreach --recursive sh -c "git config --local --name-only --get-regexp 'core\.sshCommand' && git config --local --unset-all 'core.sshCommand' || :"
2026-02-26T07:10:14.7012880Z [command]/opt/homebrew/bin/git config --local --name-only --get-regexp http\.https\:\/\/github\.com\/\.extraheader
2026-02-26T07:10:14.7118380Z http.https://github.com/.extraheader
2026-02-26T07:10:14.7142590Z [command]/opt/homebrew/bin/git config --local --unset-all http.https://github.com/.extraheader
2026-02-26T07:10:14.7251330Z [command]/opt/homebrew/bin/git submodule foreach --recursive sh -c "git config --local --name-only --get-regexp 'http\.https\:\/\/github\.com\/\.extraheader' && git config --local --unset-all 'http.https://github.com/.extraheader' || :"
2026-02-26T07:10:14.8593490Z [command]/opt/homebrew/bin/git config --local --name-only --get-regexp ^includeIf\.gitdir:
2026-02-26T07:10:14.8707240Z [command]/opt/homebrew/bin/git submodule foreach --recursive git config --local --show-origin --name-only --get-regexp remote.origin.url
2026-02-26T07:10:15.0367030Z Cleaning up orphan processes
2026-02-26T07:10:15.3679980Z Terminate orphan process: pid (2305) (ibtoold)
2026-02-26T07:10:15.4194650Z Terminate orphan process: pid (2294) (ibtoold)